Archive member included to satisfy reference by file (symbol)

C:/ST/STM32CubeIDE_1.17.0/STM32CubeIDE/plugins/com.st.stm32cube.ide.mcu.externaltools.gnu-tools-for-stm32.12.3.rel1.win32_1.1.0.202410251130/tools/bin/../lib/gcc/arm-none-eabi/12.3.1/../../../../arm-none-eabi/lib/thumb/v7e-m+dp/hard\libstdc++_nano.a(del_ops.o)
                              ./Core/Src/main.o (operator delete(void*, unsigned int))
C:/ST/STM32CubeIDE_1.17.0/STM32CubeIDE/plugins/com.st.stm32cube.ide.mcu.externaltools.gnu-tools-for-stm32.12.3.rel1.win32_1.1.0.202410251130/tools/bin/../lib/gcc/arm-none-eabi/12.3.1/../../../../arm-none-eabi/lib/thumb/v7e-m+dp/hard\libstdc++_nano.a(del_op.o)
                              C:/ST/STM32CubeIDE_1.17.0/STM32CubeIDE/plugins/com.st.stm32cube.ide.mcu.externaltools.gnu-tools-for-stm32.12.3.rel1.win32_1.1.0.202410251130/tools/bin/../lib/gcc/arm-none-eabi/12.3.1/../../../../arm-none-eabi/lib/thumb/v7e-m+dp/hard\libstdc++_nano.a(del_ops.o) (operator delete(void*))
C:/ST/STM32CubeIDE_1.17.0/STM32CubeIDE/plugins/com.st.stm32cube.ide.mcu.externaltools.gnu-tools-for-stm32.12.3.rel1.win32_1.1.0.202410251130/tools/bin/../lib/gcc/arm-none-eabi/12.3.1/../../../../arm-none-eabi/lib/thumb/v7e-m+dp/hard\libc_nano.a(libc_a-exit.o)
                              C:/ST/STM32CubeIDE_1.17.0/STM32CubeIDE/plugins/com.st.stm32cube.ide.mcu.externaltools.gnu-tools-for-stm32.12.3.rel1.win32_1.1.0.202410251130/tools/bin/../lib/gcc/arm-none-eabi/12.3.1/../../../../arm-none-eabi/lib/thumb/v7e-m+dp/hard/crt0.o (exit)
C:/ST/STM32CubeIDE_1.17.0/STM32CubeIDE/plugins/com.st.stm32cube.ide.mcu.externaltools.gnu-tools-for-stm32.12.3.rel1.win32_1.1.0.202410251130/tools/bin/../lib/gcc/arm-none-eabi/12.3.1/../../../../arm-none-eabi/lib/thumb/v7e-m+dp/hard\libc_nano.a(libc_a-malloc.o)
                              C:/ST/STM32CubeIDE_1.17.0/STM32CubeIDE/plugins/com.st.stm32cube.ide.mcu.externaltools.gnu-tools-for-stm32.12.3.rel1.win32_1.1.0.202410251130/tools/bin/../lib/gcc/arm-none-eabi/12.3.1/../../../../arm-none-eabi/lib/thumb/v7e-m+dp/hard\libstdc++_nano.a(del_op.o) (free)
C:/ST/STM32CubeIDE_1.17.0/STM32CubeIDE/plugins/com.st.stm32cube.ide.mcu.externaltools.gnu-tools-for-stm32.12.3.rel1.win32_1.1.0.202410251130/tools/bin/../lib/gcc/arm-none-eabi/12.3.1/../../../../arm-none-eabi/lib/thumb/v7e-m+dp/hard\libc_nano.a(libc_a-mallocr.o)
                              C:/ST/STM32CubeIDE_1.17.0/STM32CubeIDE/plugins/com.st.stm32cube.ide.mcu.externaltools.gnu-tools-for-stm32.12.3.rel1.win32_1.1.0.202410251130/tools/bin/../lib/gcc/arm-none-eabi/12.3.1/../../../../arm-none-eabi/lib/thumb/v7e-m+dp/hard\libc_nano.a(libc_a-malloc.o) (_malloc_r)
C:/ST/STM32CubeIDE_1.17.0/STM32CubeIDE/plugins/com.st.stm32cube.ide.mcu.externaltools.gnu-tools-for-stm32.12.3.rel1.win32_1.1.0.202410251130/tools/bin/../lib/gcc/arm-none-eabi/12.3.1/../../../../arm-none-eabi/lib/thumb/v7e-m+dp/hard\libc_nano.a(libc_a-mlock.o)
                              C:/ST/STM32CubeIDE_1.17.0/STM32CubeIDE/plugins/com.st.stm32cube.ide.mcu.externaltools.gnu-tools-for-stm32.12.3.rel1.win32_1.1.0.202410251130/tools/bin/../lib/gcc/arm-none-eabi/12.3.1/../../../../arm-none-eabi/lib/thumb/v7e-m+dp/hard\libc_nano.a(libc_a-mallocr.o) (__malloc_lock)
C:/ST/STM32CubeIDE_1.17.0/STM32CubeIDE/plugins/com.st.stm32cube.ide.mcu.externaltools.gnu-tools-for-stm32.12.3.rel1.win32_1.1.0.202410251130/tools/bin/../lib/gcc/arm-none-eabi/12.3.1/../../../../arm-none-eabi/lib/thumb/v7e-m+dp/hard\libc_nano.a(libc_a-findfp.o)
                              C:/ST/STM32CubeIDE_1.17.0/STM32CubeIDE/plugins/com.st.stm32cube.ide.mcu.externaltools.gnu-tools-for-stm32.12.3.rel1.win32_1.1.0.202410251130/tools/bin/../lib/gcc/arm-none-eabi/12.3.1/../../../../arm-none-eabi/lib/thumb/v7e-m+dp/hard\libc_nano.a(libc_a-exit.o) (__stdio_exit_handler)
C:/ST/STM32CubeIDE_1.17.0/STM32CubeIDE/plugins/com.st.stm32cube.ide.mcu.externaltools.gnu-tools-for-stm32.12.3.rel1.win32_1.1.0.202410251130/tools/bin/../lib/gcc/arm-none-eabi/12.3.1/../../../../arm-none-eabi/lib/thumb/v7e-m+dp/hard\libc_nano.a(libc_a-fwalk.o)
                              C:/ST/STM32CubeIDE_1.17.0/STM32CubeIDE/plugins/com.st.stm32cube.ide.mcu.externaltools.gnu-tools-for-stm32.12.3.rel1.win32_1.1.0.202410251130/tools/bin/../lib/gcc/arm-none-eabi/12.3.1/../../../../arm-none-eabi/lib/thumb/v7e-m+dp/hard\libc_nano.a(libc_a-findfp.o) (_fwalk_sglue)
C:/ST/STM32CubeIDE_1.17.0/STM32CubeIDE/plugins/com.st.stm32cube.ide.mcu.externaltools.gnu-tools-for-stm32.12.3.rel1.win32_1.1.0.202410251130/tools/bin/../lib/gcc/arm-none-eabi/12.3.1/../../../../arm-none-eabi/lib/thumb/v7e-m+dp/hard\libc_nano.a(libc_a-stdio.o)
                              C:/ST/STM32CubeIDE_1.17.0/STM32CubeIDE/plugins/com.st.stm32cube.ide.mcu.externaltools.gnu-tools-for-stm32.12.3.rel1.win32_1.1.0.202410251130/tools/bin/../lib/gcc/arm-none-eabi/12.3.1/../../../../arm-none-eabi/lib/thumb/v7e-m+dp/hard\libc_nano.a(libc_a-findfp.o) (__sread)
[...]
Memory Configuration

Name             Origin             Length             Attributes
DTCMRAM          0x20000000         0x00020000         xrw
FLASH            0x08000000         0x00020000         xr
QFLASH           0x90000000         0x00800000         xr
ITCMRAM          0x00000000         0x00010000         xrw
RAM_D3           0x38000000         0x00010000         xrw
RAM_D2           0x30000000         0x00048000         xrw
RAM              0x24000000         0x00080000         xrw
SDRAM            0xc0000000         0x04000000         xrw
*default*        0x00000000         0xffffffff

Linker script and memory map

LOAD C:/ST/STM32CubeIDE_1.17.0/STM32CubeIDE/plugins/com.st.stm32cube.ide.mcu.externaltools.gnu-tools-for-stm32.12.3.rel1.win32_1.1.0.202410251130/tools/bin/../lib/gcc/arm-none-eabi/12.3.1/thumb/v7e-m+dp/hard/crti.o
LOAD C:/ST/STM32CubeIDE_1.17.0/STM32CubeIDE/plugins/com.st.stm32cube.ide.mcu.externaltools.gnu-tools-for-stm32.12.3.rel1.win32_1.1.0.202410251130/tools/bin/../lib/gcc/arm-none-eabi/12.3.1/thumb/v7e-m+dp/hard/crtbegin.o
LOAD C:/ST/STM32CubeIDE_1.17.0/STM32CubeIDE/plugins/com.st.stm32cube.ide.mcu.externaltools.gnu-tools-for-stm32.12.3.rel1.win32_1.1.0.202410251130/tools/bin/../lib/gcc/arm-none-eabi/12.3.1/../../../../arm-none-eabi/lib/thumb/v7e-m+dp/hard/crt0.o
LOAD ./Core/Src/Audio.o
LOAD ./Core/Src/cIS25LPxxx.o
LOAD ./Core/Src/main.o
LOAD ./Core/Src/stm32h7xx_hal_msp.o
LOAD ./Core/Src/stm32h7xx_it.o
LOAD ./Core/Src/syscalls.o
LOAD ./Core/Src/sysmem.o
LOAD ./Core/Src/system_stm32h7xx.o
LOAD ./Core/Startup/startup_stm32h750ibkx.o
LOAD ./Drivers/STM32H7xx_HAL_Driver/Src/stm32h7xx_hal.o
LOAD ./Drivers/STM32H7xx_HAL_Driver/Src/stm32h7xx_hal_cortex.o
LOAD ./Drivers/STM32H7xx_HAL_Driver/Src/stm32h7xx_hal_dma.o
LOAD ./Drivers/STM32H7xx_HAL_Driver/Src/stm32h7xx_hal_dma_ex.o
LOAD ./Drivers/STM32H7xx_HAL_Driver/Src/stm32h7xx_hal_exti.o
LOAD ./Drivers/STM32H7xx_HAL_Driver/Src/stm32h7xx_hal_flash.o
LOAD ./Drivers/STM32H7xx_HAL_Driver/Src/stm32h7xx_hal_flash_ex.o
LOAD ./Drivers/STM32H7xx_HAL_Driver/Src/stm32h7xx_hal_gpio.o
LOAD ./Drivers/STM32H7xx_HAL_Driver/Src/stm32h7xx_hal_hsem.o
LOAD ./Drivers/STM32H7xx_HAL_Driver/Src/stm32h7xx_hal_i2c.o
LOAD ./Drivers/STM32H7xx_HAL_Driver/Src/stm32h7xx_hal_i2c_ex.o
LOAD ./Drivers/STM32H7xx_HAL_Driver/Src/stm32h7xx_hal_mdma.o
LOAD ./Drivers/STM32H7xx_HAL_Driver/Src/stm32h7xx_hal_nand.o
LOAD ./Drivers/STM32H7xx_HAL_Driver/Src/stm32h7xx_hal_nor.o
LOAD ./Drivers/STM32H7xx_HAL_Driver/Src/stm32h7xx_hal_pwr.o
LOAD ./Drivers/STM32H7xx_HAL_Driver/Src/stm32h7xx_hal_pwr_ex.o
LOAD ./Drivers/STM32H7xx_HAL_Driver/Src/stm32h7xx_hal_qspi.o
LOAD ./Drivers/STM32H7xx_HAL_Driver/Src/stm32h7xx_hal_rcc.o
LOAD ./Drivers/STM32H7xx_HAL_Driver/Src/stm32h7xx_hal_rcc_ex.o
LOAD ./Drivers/STM32H7xx_HAL_Driver/Src/stm32h7xx_hal_sai.o
LOAD ./Drivers/STM32H7xx_HAL_Driver/Src/stm32h7xx_hal_sai_ex.o
LOAD ./Drivers/STM32H7xx_HAL_Driver/Src/stm32h7xx_hal_sdram.o
LOAD ./Drivers/STM32H7xx_HAL_Driver/Src/stm32h7xx_hal_sram.o
LOAD ./Drivers/STM32H7xx_HAL_Driver/Src/stm32h7xx_ll_delayblock.o
LOAD ./Drivers/STM32H7xx_HAL_Driver/Src/stm32h7xx_ll_fmc.o
START GROUP
LOAD C:/ST/STM32CubeIDE_1.17.0/STM32CubeIDE/plugins/com.st.stm32cube.ide.mcu.externaltools.gnu-tools-for-stm32.12.3.rel1.win32_1.1.0.202410251130/tools/bin/../lib/gcc/arm-none-eabi/12.3.1/../../../../arm-none-eabi/lib/thumb/v7e-m+dp/hard\libstdc++_nano.a
LOAD C:/ST/STM32CubeIDE_1.17.0/STM32CubeIDE/plugins/com.st.stm32cube.ide.mcu.externaltools.gnu-tools-for-stm32.12.3.rel1.win32_1.1.0.202410251130/tools/bin/../lib/gcc/arm-none-eabi/12.3.1/../../../../arm-none-eabi/lib/thumb/v7e-m+dp/hard\libsupc++_nano.a
END GROUP
LOAD C:/ST/STM32CubeIDE_1.17.0/STM32CubeIDE/plugins/com.st.stm32cube.ide.mcu.externaltools.gnu-tools-for-stm32.12.3.rel1.win32_1.1.0.202410251130/tools/bin/../lib/gcc/arm-none-eabi/12.3.1/../../../../arm-none-eabi/lib/thumb/v7e-m+dp/hard\libstdc++_nano.a
LOAD C:/ST/STM32CubeIDE_1.17.0/STM32CubeIDE/plugins/com.st.stm32cube.ide.mcu.externaltools.gnu-tools-for-stm32.12.3.rel1.win32_1.1.0.202410251130/tools/bin/../lib/gcc/arm-none-eabi/12.3.1/../../../../arm-none-eabi/lib/thumb/v7e-m+dp/hard\libm.a
LOAD C:/ST/STM32CubeIDE_1.17.0/STM32CubeIDE/plugins/com.st.stm32cube.ide.mcu.externaltools.gnu-tools-for-stm32.12.3.rel1.win32_1.1.0.202410251130/tools/bin/../lib/gcc/arm-none-eabi/12.3.1/../../../../arm-none-eabi/lib/thumb/v7e-m+dp/hard\libc_nano.a
START GROUP
LOAD C:/ST/STM32CubeIDE_1.17.0/STM32CubeIDE/plugins/com.st.stm32cube.ide.mcu.externaltools.gnu-tools-for-stm32.12.3.rel1.win32_1.1.0.202410251130/tools/bin/../lib/gcc/arm-none-eabi/12.3.1/thumb/v7e-m+dp/hard\libgcc.a
LOAD C:/ST/STM32CubeIDE_1.17.0/STM32CubeIDE/plugins/com.st.stm32cube.ide.mcu.externaltools.gnu-tools-for-stm32.12.3.rel1.win32_1.1.0.202410251130/tools/bin/../lib/gcc/arm-none-eabi/12.3.1/../../../../arm-none-eabi/lib/thumb/v7e-m+dp/hard\libc_nano.a
END GROUP
START GROUP
LOAD C:/ST/STM32CubeIDE_1.17.0/STM32CubeIDE/plugins/com.st.stm32cube.ide.mcu.externaltools.gnu-tools-for-stm32.12.3.rel1.win32_1.1.0.202410251130/tools/bin/../lib/gcc/arm-none-eabi/12.3.1/thumb/v7e-m+dp/hard\libgcc.a
LOAD C:/ST/STM32CubeIDE_1.17.0/STM32CubeIDE/plugins/com.st.stm32cube.ide.mcu.externaltools.gnu-tools-for-stm32.12.3.rel1.win32_1.1.0.202410251130/tools/bin/../lib/gcc/arm-none-eabi/12.3.1/../../../../arm-none-eabi/lib/thumb/v7e-m+dp/hard\libc_nano.a
LOAD C:/ST/STM32CubeIDE_1.17.0/STM32CubeIDE/plugins/com.st.stm32cube.ide.mcu.externaltools.gnu-tools-for-stm32.12.3.rel1.win32_1.1.0.202410251130/tools/bin/../lib/gcc/arm-none-eabi/12.3.1/../../../../arm-none-eabi/lib/thumb/v7e-m+dp/hard\libnosys.a
END GROUP
START GROUP
LOAD C:/ST/STM32CubeIDE_1.17.0/STM32CubeIDE/plugins/com.st.stm32cube.ide.mcu.externaltools.gnu-tools-for-stm32.12.3.rel1.win32_1.1.0.202410251130/tools/bin/../lib/gcc/arm-none-eabi/12.3.1/thumb/v7e-m+dp/hard\libgcc.a
LOAD C:/ST/STM32CubeIDE_1.17.0/STM32CubeIDE/plugins/com.st.stm32cube.ide.mcu.externaltools.gnu-tools-for-stm32.12.3.rel1.win32_1.1.0.202410251130/tools/bin/../lib/gcc/arm-none-eabi/12.3.1/../../../../arm-none-eabi/lib/thumb/v7e-m+dp/hard\libc_nano.a
LOAD C:/ST/STM32CubeIDE_1.17.0/STM32CubeIDE/plugins/com.st.stm32cube.ide.mcu.externaltools.gnu-tools-for-stm32.12.3.rel1.win32_1.1.0.202410251130/tools/bin/../lib/gcc/arm-none-eabi/12.3.1/../../../../arm-none-eabi/lib/thumb/v7e-m+dp/hard\libnosys.a
END GROUP
LOAD C:/ST/STM32CubeIDE_1.17.0/STM32CubeIDE/plugins/com.st.stm32cube.ide.mcu.externaltools.gnu-tools-for-stm32.12.3.rel1.win32_1.1.0.202410251130/tools/bin/../lib/gcc/arm-none-eabi/12.3.1/thumb/v7e-m+dp/hard/crtend.o
LOAD C:/ST/STM32CubeIDE_1.17.0/STM32CubeIDE/plugins/com.st.stm32cube.ide.mcu.externaltools.gnu-tools-for-stm32.12.3.rel1.win32_1.1.0.202410251130/tools/bin/../lib/gcc/arm-none-eabi/12.3.1/thumb/v7e-m+dp/hard/crtn.o
                0x24080000                        _estack = (ORIGIN (RAM) + LENGTH (RAM))
                0x00000200                        _Min_Heap_Size = 0x200
                0x00000400                        _Min_Stack_Size = 0x400

.isr_vector     0x08000000      0x298
                0x08000000                        . = ALIGN (0x4)
 *(.isr_vector)
 .isr_vector    0x08000000      0x298 ./Core/Startup/startup_stm32h750ibkx.o
                0x08000000                g_pfnVectors
                0x08000298                        . = ALIGN (0x4)

.text           0x08000298     0x9ae8
                0x08000298                        . = ALIGN (0x4)
 *(.text)
 .text          0x08000298       0x40 C:/ST/STM32CubeIDE_1.17.0/STM32CubeIDE/plugins/com.st.stm32cube.ide.mcu.externaltools.gnu-tools-for-stm32.12.3.rel1.win32_1.1.0.202410251130/tools/bin/../lib/gcc/arm-none-eabi/12.3.1/thumb/v7e-m+dp/hard/crtbegin.o
 *(.text*)
 .text._Z20ConvertToAudioBufferPlP11AudioBuffer
                0x080002d8       0x84 ./Core/Src/Audio.o
                0x080002d8                ConvertToAudioBuffer(long*, AudioBuffer*)
 .text._Z22ConvertFromAudioBufferP11AudioBufferPl
                0x0800035c       0x7c ./Core/Src/Audio.o
                0x0800035c                ConvertFromAudioBuffer(AudioBuffer*, long*)
 .text.HAL_SAI_TxCpltCallback
                0x080003d8       0x2c ./Core/Src/Audio.o
                0x080003d8                HAL_SAI_TxCpltCallback
 .text.HAL_SAI_TxHalfCpltCallback
                0x08000404       0x2c ./Core/Src/Audio.o
                0x08000404                HAL_SAI_TxHalfCpltCallback
 .text.HAL_SAI_RxCpltCallback
                0x08000430       0x40 ./Core/Src/Audio.o
                0x08000430                HAL_SAI_RxCpltCallback
 .text.HAL_SAI_RxHalfCpltCallback
                0x08000470       0x40 ./Core/Src/Audio.o
                0x08000470                HAL_SAI_RxHalfCpltCallback
 .text.StartAudio
                0x080004b0       0x88 ./Core/Src/Audio.o
                0x080004b0                StartAudio
 .text._ZN3Dad7cHwQSPI7CommandEm
                0x08000538       0x38 ./Core/Src/cIS25LPxxx.o
                0x08000538                Dad::cHwQSPI::Command(unsigned long)
 .text._ZN3Dad7cHwQSPI13CommandTXDataEmPhm
                0x08000570       0x64 ./Core/Src/cIS25LPxxx.o
                0x08000570                Dad::cHwQSPI::CommandTXData(unsigned long, unsigned char*, unsigned long)
 .text._ZN3Dad7cHwQSPI13CommandRXDataEmPhm
                0x080005d4       0x64 ./Core/Src/cIS25LPxxx.o
                0x080005d4                Dad::cHwQSPI::CommandRXData(unsigned long, unsigned char*, unsigned long)
 .text._ZN3Dad7cHwQSPI17SwapModeMemoryMapEv
                0x08000638       0x3c ./Core/Src/cIS25LPxxx.o
                0x08000638                Dad::cHwQSPI::SwapModeMemoryMap()
 .text._ZN3Dad10cIS25LPxxx4InitEP18QSPI_HandleTypeDefm
                0x08000674      0x2c8 ./Core/Src/cIS25LPxxx.o
                0x08000674                Dad::cIS25LPxxx::Init(QSPI_HandleTypeDef*, unsigned long)
 .text._ZN3Dad10cIS25LPxxx9MemoryMapEv
                0x0800093c       0x24 ./Core/Src/cIS25LPxxx.o
                0x0800093c                Dad::cIS25LPxxx::MemoryMap()
 .text._ZN3Dad10cIS25LPxxx10WaitNoBusyEv
                0x08000960       0x4e ./Core/Src/cIS25LPxxx.o
                0x08000960                Dad::cIS25LPxxx::WaitNoBusy()
 *fill*         0x080009ae        0x2 
 .text._ZN3Dad7cHwQSPIC2Ev
                0x080009b0       0x28 ./Core/Src/main.o
                0x080009b0                Dad::cHwQSPI::cHwQSPI()
                0x080009b0                Dad::cHwQSPI::cHwQSPI()
 .text._ZN3Dad7cHwQSPID2Ev
                0x080009d8       0x20 ./Core/Src/main.o
                0x080009d8                Dad::cHwQSPI::~cHwQSPI()
                0x080009d8                Dad::cHwQSPI::~cHwQSPI()
 .text._ZN3Dad7cHwQSPID0Ev
                0x080009f8       0x20 ./Core/Src/main.o
                0x080009f8                Dad::cHwQSPI::~cHwQSPI()
 .text._ZN3Dad10cIS25LPxxxC2Ev
                0x08000a18       0x3c ./Core/Src/main.o
                0x08000a18                Dad::cIS25LPxxx::cIS25LPxxx()
                0x08000a18                Dad::cIS25LPxxx::cIS25LPxxx()
 .text._ZN3Dad10cIS25LPxxxD2Ev
                0x08000a54       0x24 ./Core/Src/main.o
                0x08000a54                Dad::cIS25LPxxx::~cIS25LPxxx()
                0x08000a54                Dad::cIS25LPxxx::~cIS25LPxxx()
 .text._ZN3Dad10cIS25LPxxxD0Ev
                0x08000a78       0x20 ./Core/Src/main.o
                0x08000a78                Dad::cIS25LPxxx::~cIS25LPxxx()
 .text._Z13AudioCallbackP11AudioBufferS0_
                0x08000a98       0x46 ./Core/Src/main.o
                0x08000a98                AudioCallback(AudioBuffer*, AudioBuffer*)
 *fill*         0x08000ade        0x2 
 .text.main     0x08000ae0       0x6c ./Core/Src/main.o
                0x08000ae0                main
 .text._Z18SystemClock_Configv
                0x08000b4c      0x114 ./Core/Src/main.o
                0x08000b4c                SystemClock_Config()
 .text._Z24PeriphCommonClock_Configv
                0x08000c60       0x68 ./Core/Src/main.o
                0x08000c60                PeriphCommonClock_Config()
 .text._ZL15MX_QUADSPI_Initv
                0x08000cc8       0x60 ./Core/Src/main.o
 .text._ZL12MX_SAI1_Initv
                0x08000d28       0xd4 ./Core/Src/main.o
 .text._ZL11MX_DMA_Initv
                0x08000dfc       0x50 ./Core/Src/main.o
 .text._ZL11MX_FMC_Initv
                0x08000e4c      0x1a4 ./Core/Src/main.o
 .text._ZL12MX_GPIO_Initv
                0x08000ff0      0x188 ./Core/Src/main.o
 .text._ZL10MPU_Configv
                0x08001178       0xc6 ./Core/Src/main.o
 .text.Error_Handler
                0x0800123e        0xc ./Core/Src/main.o
                0x0800123e                Error_Handler
 *fill*         0x0800124a        0x2 
 .text._Z41__static_initialization_and_destruction_0ii
                0x0800124c       0x44 ./Core/Src/main.o
 .text._GLOBAL__sub_I_hqspi
                0x08001290       0x10 ./Core/Src/main.o
 .text._GLOBAL__sub_D_hqspi
                0x080012a0       0x10 ./Core/Src/main.o
 .text.HAL_MspInit
                0x080012b0       0x34 ./Core/Src/stm32h7xx_hal_msp.o
                0x080012b0                HAL_MspInit
 .text.HAL_QSPI_MspInit
                0x080012e4      0x15c ./Core/Src/stm32h7xx_hal_msp.o
                0x080012e4                HAL_QSPI_MspInit
 .text.HAL_FMC_MspInit
                0x08001440      0x1b8 ./Core/Src/stm32h7xx_hal_msp.o
 .text.HAL_SDRAM_MspInit
                0x080015f8       0x14 ./Core/Src/stm32h7xx_hal_msp.o
                0x080015f8                HAL_SDRAM_MspInit
 .text.HAL_SAI_MspInit
                0x0800160c      0x1c8 ./Core/Src/stm32h7xx_hal_msp.o
                0x0800160c                HAL_SAI_MspInit
 .text.NMI_Handler
                0x080017d4        0x8 ./Core/Src/stm32h7xx_it.o
                0x080017d4                NMI_Handler
 .text.HardFault_Handler
                0x080017dc        0x8 ./Core/Src/stm32h7xx_it.o
                0x080017dc                HardFault_Handler
 .text.MemManage_Handler
                0x080017e4        0x8 ./Core/Src/stm32h7xx_it.o
                0x080017e4                MemManage_Handler
 .text.BusFault_Handler
                0x080017ec        0x8 ./Core/Src/stm32h7xx_it.o
                0x080017ec                BusFault_Handler
 .text.UsageFault_Handler
                0x080017f4        0x8 ./Core/Src/stm32h7xx_it.o
                0x080017f4                UsageFault_Handler
 .text.SVC_Handler
                0x080017fc        0xe ./Core/Src/stm32h7xx_it.o
                0x080017fc                SVC_Handler
 .text.DebugMon_Handler
                0x0800180a        0xe ./Core/Src/stm32h7xx_it.o
                0x0800180a                DebugMon_Handler
 .text.PendSV_Handler
                0x08001818        0xe ./Core/Src/stm32h7xx_it.o
                0x08001818                PendSV_Handler
 .text.SysTick_Handler
                0x08001826        0xc ./Core/Src/stm32h7xx_it.o
                0x08001826                SysTick_Handler
 *fill*         0x08001832        0x2 
 .text.DMA1_Stream0_IRQHandler
                0x08001834       0x14 ./Core/Src/stm32h7xx_it.o
                0x08001834                DMA1_Stream0_IRQHandler
 .text.DMA1_Stream1_IRQHandler
                0x08001848       0x14 ./Core/Src/stm32h7xx_it.o
                0x08001848                DMA1_Stream1_IRQHandler
 .text.FMC_IRQHandler
                0x0800185c       0x14 ./Core/Src/stm32h7xx_it.o
                0x0800185c                FMC_IRQHandler
 .text.QUADSPI_IRQHandler
                0x08001870       0x14 ./Core/Src/stm32h7xx_it.o
                0x08001870                QUADSPI_IRQHandler
 .text.SystemInit
                0x08001884      0x140 ./Core/Src/system_stm32h7xx.o
                0x08001884                SystemInit
 .text.ExitRun0Mode
                0x080019c4       0x30 ./Core/Src/system_stm32h7xx.o
                0x080019c4                ExitRun0Mode
 .text.Reset_Handler
                0x080019f4       0x54 ./Core/Startup/startup_stm32h750ibkx.o
                0x080019f4                Reset_Handler
 .text.Default_Handler
                0x08001a48        0x2 ./Core/Startup/startup_stm32h750ibkx.o
                0x08001a48                RTC_Alarm_IRQHandler
                0x08001a48                HASH_RNG_IRQHandler
                0x08001a48                EXTI2_IRQHandler
                0x08001a48                TIM8_CC_IRQHandler
                0x08001a48                HRTIM1_Master_IRQHandler
                0x08001a48                UART8_IRQHandler
                0x08001a48                SPI4_IRQHandler
                0x08001a48                TIM1_CC_IRQHandler
                0x08001a48                BDMA_Channel6_IRQHandler
                0x08001a48                DMA2_Stream5_IRQHandler
                0x08001a48                HRTIM1_FLT_IRQHandler
                0x08001a48                JPEG_IRQHandler
                0x08001a48                DMA1_Stream5_IRQHandler
                0x08001a48                BDMA_Channel1_IRQHandler
                0x08001a48                HRTIM1_TIMD_IRQHandler
                0x08001a48                TAMP_STAMP_IRQHandler
                0x08001a48                EXTI3_IRQHandler
                0x08001a48                LPTIM4_IRQHandler
                0x08001a48                TIM8_TRG_COM_TIM14_IRQHandler
                0x08001a48                LPTIM2_IRQHandler
                0x08001a48                DFSDM1_FLT1_IRQHandler
                0x08001a48                DMAMUX2_OVR_IRQHandler
                0x08001a48                TIM8_UP_TIM13_IRQHandler
                0x08001a48                I2C3_ER_IRQHandler
                0x08001a48                DFSDM1_FLT2_IRQHandler
                0x08001a48                MDMA_IRQHandler
                0x08001a48                LPTIM3_IRQHandler
                0x08001a48                HSEM1_IRQHandler
                0x08001a48                EXTI0_IRQHandler
                0x08001a48                I2C2_EV_IRQHandler
                0x08001a48                DMA1_Stream2_IRQHandler
                0x08001a48                FPU_IRQHandler
                0x08001a48                OTG_HS_WKUP_IRQHandler
                0x08001a48                FDCAN1_IT1_IRQHandler
                0x08001a48                LTDC_ER_IRQHandler
                0x08001a48                DMA2_Stream2_IRQHandler
                0x08001a48                HRTIM1_TIME_IRQHandler
                0x08001a48                SPI1_IRQHandler
                0x08001a48                TIM6_DAC_IRQHandler
                0x08001a48                DCMI_IRQHandler
                0x08001a48                HRTIM1_TIMC_IRQHandler
                0x08001a48                DMA2_Stream3_IRQHandler
                0x08001a48                SAI2_IRQHandler
                0x08001a48                DFSDM1_FLT3_IRQHandler
                0x08001a48                USART6_IRQHandler
                0x08001a48                TIM17_IRQHandler
                0x08001a48                USART3_IRQHandler
                0x08001a48                BDMA_Channel7_IRQHandler
                0x08001a48                CRYP_IRQHandler
                0x08001a48                LPTIM5_IRQHandler
                0x08001a48                UART5_IRQHandler
                0x08001a48                ADC3_IRQHandler
                0x08001a48                DMA2_Stream0_IRQHandler
                0x08001a48                TIM4_IRQHandler
                0x08001a48                BDMA_Channel2_IRQHandler
                0x08001a48                I2C1_EV_IRQHandler
                0x08001a48                DMA1_Stream6_IRQHandler
                0x08001a48                DMAMUX1_OVR_IRQHandler
                0x08001a48                TIM16_IRQHandler
                0x08001a48                UART4_IRQHandler
                0x08001a48                BDMA_Channel5_IRQHandler
                0x08001a48                TIM3_IRQHandler
                0x08001a48                RCC_IRQHandler
                0x08001a48                TIM8_BRK_TIM12_IRQHandler
                0x08001a48                TIM1_TRG_COM_IRQHandler
                0x08001a48                Default_Handler
                0x08001a48                ECC_IRQHandler
                0x08001a48                CEC_IRQHandler
                0x08001a48                EXTI15_10_IRQHandler
                0x08001a48                BDMA_Channel0_IRQHandler
                0x08001a48                ADC_IRQHandler
                0x08001a48                DMA1_Stream7_IRQHandler
                0x08001a48                HRTIM1_TIMA_IRQHandler
                0x08001a48                SPI5_IRQHandler
                0x08001a48                TIM7_IRQHandler
                0x08001a48                SDMMC1_IRQHandler
                0x08001a48                TIM5_IRQHandler
                0x08001a48                DMA2_Stream7_IRQHandler
                0x08001a48                TIM15_IRQHandler
                0x08001a48                PVD_AVD_IRQHandler
                0x08001a48                I2C3_EV_IRQHandler
                0x08001a48                EXTI9_5_IRQHandler
                0x08001a48                RTC_WKUP_IRQHandler
                0x08001a48                LTDC_IRQHandler
                0x08001a48                SAI3_IRQHandler
                0x08001a48                ETH_WKUP_IRQHandler
                0x08001a48                SPDIF_RX_IRQHandler
                0x08001a48                SPI2_IRQHandler
                0x08001a48                OTG_HS_EP1_IN_IRQHandler
                0x08001a48                CRS_IRQHandler
                0x08001a48                EXTI4_IRQHandler
                0x08001a48                HRTIM1_TIMB_IRQHandler
                0x08001a48                FDCAN2_IT1_IRQHandler
                0x08001a48                ETH_IRQHandler
                0x08001a48                TIM1_UP_IRQHandler
                0x08001a48                BDMA_Channel4_IRQHandler
                0x08001a48                OTG_HS_EP1_OUT_IRQHandler
                0x08001a48                WWDG_IRQHandler
                0x08001a48                SPI6_IRQHandler
                0x08001a48                MDIOS_IRQHandler
                0x08001a48                I2C4_EV_IRQHandler
                0x08001a48                FDCAN2_IT0_IRQHandler
                0x08001a48                LPUART1_IRQHandler
                0x08001a48                FDCAN1_IT0_IRQHandler
                0x08001a48                TIM2_IRQHandler
                0x08001a48                OTG_FS_WKUP_IRQHandler
                0x08001a48                OTG_HS_IRQHandler
                0x08001a48                DMA2D_IRQHandler
                0x08001a48                TIM1_BRK_IRQHandler
                0x08001a48                EXTI1_IRQHandler
                0x08001a48                SDMMC2_IRQHandler
                0x08001a48                OTG_FS_EP1_OUT_IRQHandler
                0x08001a48                BDMA_Channel3_IRQHandler
                0x08001a48                UART7_IRQHandler
                0x08001a48                MDIOS_WKUP_IRQHandler
                0x08001a48                USART2_IRQHandler
                0x08001a48                DFSDM1_FLT0_IRQHandler
                0x08001a48                SAI4_IRQHandler
                0x08001a48                I2C2_ER_IRQHandler
                0x08001a48                DMA2_Stream1_IRQHandler
                0x08001a48                FLASH_IRQHandler
                0x08001a48                DMA2_Stream4_IRQHandler
                0x08001a48                USART1_IRQHandler
                0x08001a48                OTG_FS_IRQHandler
                0x08001a48                SPI3_IRQHandler
                0x08001a48                WAKEUP_PIN_IRQHandler
                0x08001a48                DMA1_Stream4_IRQHandler
                0x08001a48                OTG_FS_EP1_IN_IRQHandler
                0x08001a48                I2C1_ER_IRQHandler
                0x08001a48                FDCAN_CAL_IRQHandler
                0x08001a48                SWPMI1_IRQHandler
                0x08001a48                COMP1_IRQHandler
                0x08001a48                LPTIM1_IRQHandler
                0x08001a48                I2C4_ER_IRQHandler
                0x08001a48                DMA2_Stream6_IRQHandler
                0x08001a48                SAI1_IRQHandler
                0x08001a48                DMA1_Stream3_IRQHandler
 *fill*         0x08001a4a        0x2 
 .text.HAL_Init
                0x08001a4c       0x78 ./Drivers/STM32H7xx_HAL_Driver/Src/stm32h7xx_hal.o
                0x08001a4c                HAL_Init
 .text.HAL_InitTick
                0x08001ac4       0x6c ./Drivers/STM32H7xx_HAL_Driver/Src/stm32h7xx_hal.o
                0x08001ac4                HAL_InitTick
 .text.HAL_IncTick
                0x08001b30       0x28 ./Drivers/STM32H7xx_HAL_Driver/Src/stm32h7xx_hal.o
                0x08001b30                HAL_IncTick
 .text.HAL_GetTick
                0x08001b58       0x18 ./Drivers/STM32H7xx_HAL_Driver/Src/stm32h7xx_hal.o
                0x08001b58                HAL_GetTick
 .text.HAL_Delay
                0x08001b70       0x48 ./Drivers/STM32H7xx_HAL_Driver/Src/stm32h7xx_hal.o
                0x08001b70                HAL_Delay
 .text.HAL_GetREVID
                0x08001bb8       0x18 ./Drivers/STM32H7xx_HAL_Driver/Src/stm32h7xx_hal.o
                0x08001bb8                HAL_GetREVID
 .text.__NVIC_SetPriorityGrouping
                0x08001bd0       0x48 ./Drivers/STM32H7xx_HAL_Driver/Src/stm32h7xx_hal_cortex.o
 .text.__NVIC_GetPriorityGrouping
                0x08001c18       0x1c ./Drivers/STM32H7xx_HAL_Driver/Src/stm32h7xx_hal_cortex.o
 .text.__NVIC_EnableIRQ
                0x08001c34       0x3c ./Drivers/STM32H7xx_HAL_Driver/Src/stm32h7xx_hal_cortex.o
 .text.__NVIC_SetPriority
                0x08001c70       0x54 ./Drivers/STM32H7xx_HAL_Driver/Src/stm32h7xx_hal_cortex.o
 .text.NVIC_EncodePriority
                0x08001cc4       0x66 ./Drivers/STM32H7xx_HAL_Driver/Src/stm32h7xx_hal_cortex.o
 *fill*         0x08001d2a        0x2 
 .text.SysTick_Config
                0x08001d2c       0x44 ./Drivers/STM32H7xx_HAL_Driver/Src/stm32h7xx_hal_cortex.o
 .text.HAL_NVIC_SetPriorityGrouping
                0x08001d70       0x16 ./Drivers/STM32H7xx_HAL_Driver/Src/stm32h7xx_hal_cortex.o
                0x08001d70                HAL_NVIC_SetPriorityGrouping
 .text.HAL_NVIC_SetPriority
                0x08001d86       0x34 ./Drivers/STM32H7xx_HAL_Driver/Src/stm32h7xx_hal_cortex.o
                0x08001d86                HAL_NVIC_SetPriority
 .text.HAL_NVIC_EnableIRQ
                0x08001dba       0x1c ./Drivers/STM32H7xx_HAL_Driver/Src/stm32h7xx_hal_cortex.o
                0x08001dba                HAL_NVIC_EnableIRQ
 .text.HAL_SYSTICK_Config
                0x08001dd6       0x18 ./Drivers/STM32H7xx_HAL_Driver/Src/stm32h7xx_hal_cortex.o
                0x08001dd6                HAL_SYSTICK_Config
 *fill*         0x08001dee        0x2 
 .text.HAL_MPU_Disable
                0x08001df0       0x30 ./Drivers/STM32H7xx_HAL_Driver/Src/stm32h7xx_hal_cortex.o
                0x08001df0                HAL_MPU_Disable
 .text.HAL_MPU_Enable
                0x08001e20       0x40 ./Drivers/STM32H7xx_HAL_Driver/Src/stm32h7xx_hal_cortex.o
                0x08001e20                HAL_MPU_Enable
 .text.HAL_MPU_ConfigRegion
                0x08001e60       0x80 ./Drivers/STM32H7xx_HAL_Driver/Src/stm32h7xx_hal_cortex.o
                0x08001e60                HAL_MPU_ConfigRegion
 .text.HAL_DMA_Init
                0x08001ee0      0x6b8 ./Drivers/STM32H7xx_HAL_Driver/Src/stm32h7xx_hal_dma.o
                0x08001ee0                HAL_DMA_Init
 .text.HAL_DMA_Start_IT
                0x08002598      0x4d4 ./Drivers/STM32H7xx_HAL_Driver/Src/stm32h7xx_hal_dma.o
                0x08002598                HAL_DMA_Start_IT
 .text.HAL_DMA_IRQHandler
                0x08002a6c      0xe54 ./Drivers/STM32H7xx_HAL_Driver/Src/stm32h7xx_hal_dma.o
                0x08002a6c                HAL_DMA_IRQHandler
 .text.HAL_DMA_GetError
                0x080038c0       0x18 ./Drivers/STM32H7xx_HAL_Driver/Src/stm32h7xx_hal_dma.o
                0x080038c0                HAL_DMA_GetError
 .text.DMA_SetConfig
                0x080038d8      0x358 ./Drivers/STM32H7xx_HAL_Driver/Src/stm32h7xx_hal_dma.o
 .text.DMA_CalcBaseAndBitshift
                0x08003c30      0x164 ./Drivers/STM32H7xx_HAL_Driver/Src/stm32h7xx_hal_dma.o
 .text.DMA_CheckFifoParam
                0x08003d94       0xf8 ./Drivers/STM32H7xx_HAL_Driver/Src/stm32h7xx_hal_dma.o
 .text.DMA_CalcDMAMUXChannelBaseAndMask
                0x08003e8c      0x134 ./Drivers/STM32H7xx_HAL_Driver/Src/stm32h7xx_hal_dma.o
 .text.DMA_CalcDMAMUXRequestGenBaseAndMask
                0x08003fc0       0xe8 ./Drivers/STM32H7xx_HAL_Driver/Src/stm32h7xx_hal_dma.o
 .text.HAL_GPIO_Init
                0x080040a8      0x360 ./Drivers/STM32H7xx_HAL_Driver/Src/stm32h7xx_hal_gpio.o
                0x080040a8                HAL_GPIO_Init
 .text.HAL_GPIO_WritePin
                0x08004408       0x32 ./Drivers/STM32H7xx_HAL_Driver/Src/stm32h7xx_hal_gpio.o
                0x08004408                HAL_GPIO_WritePin
 .text.HAL_GPIO_TogglePin
                0x0800443a       0x34 ./Drivers/STM32H7xx_HAL_Driver/Src/stm32h7xx_hal_gpio.o
                0x0800443a                HAL_GPIO_TogglePin
 .text.HAL_MDMA_Abort_IT
                0x0800446e       0x4e ./Drivers/STM32H7xx_HAL_Driver/Src/stm32h7xx_hal_mdma.o
                0x0800446e                HAL_MDMA_Abort_IT
 .text.HAL_PWREx_ConfigSupply
                0x080044bc       0x74 ./Drivers/STM32H7xx_HAL_Driver/Src/stm32h7xx_hal_pwr_ex.o
                0x080044bc                HAL_PWREx_ConfigSupply
 .text.HAL_QSPI_Init
                0x08004530       0xe8 ./Drivers/STM32H7xx_HAL_Driver/Src/stm32h7xx_hal_qspi.o
                0x08004530                HAL_QSPI_Init
 .text.HAL_QSPI_IRQHandler
                0x08004618      0x374 ./Drivers/STM32H7xx_HAL_Driver/Src/stm32h7xx_hal_qspi.o
                0x08004618                HAL_QSPI_IRQHandler
 .text.HAL_QSPI_Command
                0x0800498c       0xbc ./Drivers/STM32H7xx_HAL_Driver/Src/stm32h7xx_hal_qspi.o
                0x0800498c                HAL_QSPI_Command
 .text.HAL_QSPI_Transmit
                0x08004a48      0x124 ./Drivers/STM32H7xx_HAL_Driver/Src/stm32h7xx_hal_qspi.o
                0x08004a48                HAL_QSPI_Transmit
 .text.HAL_QSPI_Receive
                0x08004b6c      0x13a ./Drivers/STM32H7xx_HAL_Driver/Src/stm32h7xx_hal_qspi.o
                0x08004b6c                HAL_QSPI_Receive
 .text.HAL_QSPI_MemoryMapped
                0x08004ca6       0xc4 ./Drivers/STM32H7xx_HAL_Driver/Src/stm32h7xx_hal_qspi.o
                0x08004ca6                HAL_QSPI_MemoryMapped
 .text.HAL_QSPI_ErrorCallback
                0x08004d6a       0x14 ./Drivers/STM32H7xx_HAL_Driver/Src/stm32h7xx_hal_qspi.o
                0x08004d6a                HAL_QSPI_ErrorCallback
 .text.HAL_QSPI_AbortCpltCallback
                0x08004d7e       0x14 ./Drivers/STM32H7xx_HAL_Driver/Src/stm32h7xx_hal_qspi.o
                0x08004d7e                HAL_QSPI_AbortCpltCallback
 .text.HAL_QSPI_CmdCpltCallback
                0x08004d92       0x14 ./Drivers/STM32H7xx_HAL_Driver/Src/stm32h7xx_hal_qspi.o
                0x08004d92                HAL_QSPI_CmdCpltCallback
 .text.HAL_QSPI_RxCpltCallback
                0x08004da6       0x14 ./Drivers/STM32H7xx_HAL_Driver/Src/stm32h7xx_hal_qspi.o
                0x08004da6                HAL_QSPI_RxCpltCallback
 .text.HAL_QSPI_TxCpltCallback
                0x08004dba       0x14 ./Drivers/STM32H7xx_HAL_Driver/Src/stm32h7xx_hal_qspi.o
                0x08004dba                HAL_QSPI_TxCpltCallback
 .text.HAL_QSPI_FifoThresholdCallback
                0x08004dce       0x14 ./Drivers/STM32H7xx_HAL_Driver/Src/stm32h7xx_hal_qspi.o
                0x08004dce                HAL_QSPI_FifoThresholdCallback
 .text.HAL_QSPI_StatusMatchCallback
                0x08004de2       0x14 ./Drivers/STM32H7xx_HAL_Driver/Src/stm32h7xx_hal_qspi.o
                0x08004de2                HAL_QSPI_StatusMatchCallback
 .text.HAL_QSPI_TimeOutCallback
                0x08004df6       0x14 ./Drivers/STM32H7xx_HAL_Driver/Src/stm32h7xx_hal_qspi.o
                0x08004df6                HAL_QSPI_TimeOutCallback
 .text.HAL_QSPI_SetTimeout
                0x08004e0a       0x1c ./Drivers/STM32H7xx_HAL_Driver/Src/stm32h7xx_hal_qspi.o
                0x08004e0a                HAL_QSPI_SetTimeout
 .text.QSPI_DMAAbortCplt
                0x08004e26       0x66 ./Drivers/STM32H7xx_HAL_Driver/Src/stm32h7xx_hal_qspi.o
 .text.QSPI_WaitFlagStateUntilTimeout
                0x08004e8c       0x6e ./Drivers/STM32H7xx_HAL_Driver/Src/stm32h7xx_hal_qspi.o
 .text.QSPI_Config
                0x08004efa      0x32e ./Drivers/STM32H7xx_HAL_Driver/Src/stm32h7xx_hal_qspi.o
 .text.HAL_RCC_OscConfig
                0x08005228      0x8b4 ./Drivers/STM32H7xx_HAL_Driver/Src/stm32h7xx_hal_rcc.o
                0x08005228                HAL_RCC_OscConfig
 .text.HAL_RCC_ClockConfig
                0x08005adc      0x36c ./Drivers/STM32H7xx_HAL_Driver/Src/stm32h7xx_hal_rcc.o
                0x08005adc                HAL_RCC_ClockConfig
 .text.HAL_RCC_GetSysClockFreq
                0x08005e48      0x2f4 ./Drivers/STM32H7xx_HAL_Driver/Src/stm32h7xx_hal_rcc.o
                0x08005e48                HAL_RCC_GetSysClockFreq
 .text.HAL_RCC_GetHCLKFreq
                0x0800613c       0x60 ./Drivers/STM32H7xx_HAL_Driver/Src/stm32h7xx_hal_rcc.o
                0x0800613c                HAL_RCC_GetHCLKFreq
 .text.HAL_RCC_GetPCLK1Freq
                0x0800619c       0x2c ./Drivers/STM32H7xx_HAL_Driver/Src/stm32h7xx_hal_rcc.o
                0x0800619c                HAL_RCC_GetPCLK1Freq
 .text.HAL_RCCEx_PeriphCLKConfig
                0x080061c8     0x1414 ./Drivers/STM32H7xx_HAL_Driver/Src/stm32h7xx_hal_rcc_ex.o
                0x080061c8                HAL_RCCEx_PeriphCLKConfig
 .text.HAL_RCCEx_GetPeriphCLKFreq
                0x080075dc      0xb00 ./Drivers/STM32H7xx_HAL_Driver/Src/stm32h7xx_hal_rcc_ex.o
                0x080075dc                HAL_RCCEx_GetPeriphCLKFreq
 .text.HAL_RCCEx_GetD3PCLK1Freq
                0x080080dc       0x2c ./Drivers/STM32H7xx_HAL_Driver/Src/stm32h7xx_hal_rcc_ex.o
                0x080080dc                HAL_RCCEx_GetD3PCLK1Freq
 .text.HAL_RCCEx_GetPLL2ClockFreq
                0x08008108      0x2a8 ./Drivers/STM32H7xx_HAL_Driver/Src/stm32h7xx_hal_rcc_ex.o
                0x08008108                HAL_RCCEx_GetPLL2ClockFreq
 .text.HAL_RCCEx_GetPLL3ClockFreq
                0x080083b0      0x2a8 ./Drivers/STM32H7xx_HAL_Driver/Src/stm32h7xx_hal_rcc_ex.o
                0x080083b0                HAL_RCCEx_GetPLL3ClockFreq
 .text.HAL_RCCEx_GetPLL1ClockFreq
                0x08008658      0x2a4 ./Drivers/STM32H7xx_HAL_Driver/Src/stm32h7xx_hal_rcc_ex.o
                0x08008658                HAL_RCCEx_GetPLL1ClockFreq
 .text.RCCEx_PLL2_Config
                0x080088fc      0x164 ./Drivers/STM32H7xx_HAL_Driver/Src/stm32h7xx_hal_rcc_ex.o
 .text.RCCEx_PLL3_Config
                0x08008a60      0x164 ./Drivers/STM32H7xx_HAL_Driver/Src/stm32h7xx_hal_rcc_ex.o
 .text.HAL_SAI_InitProtocol
                0x08008bc4       0x62 ./Drivers/STM32H7xx_HAL_Driver/Src/stm32h7xx_hal_sai.o
                0x08008bc4                HAL_SAI_InitProtocol
 *fill*         0x08008c26        0x2 
 .text.HAL_SAI_Init
                0x08008c28      0x554 ./Drivers/STM32H7xx_HAL_Driver/Src/stm32h7xx_hal_sai.o
                0x08008c28                HAL_SAI_Init
 .text.HAL_SAI_Transmit_DMA
                0x0800917c      0x16c ./Drivers/STM32H7xx_HAL_Driver/Src/stm32h7xx_hal_sai.o
                0x0800917c                HAL_SAI_Transmit_DMA
 .text.HAL_SAI_Receive_DMA
                0x080092e8      0x128 ./Drivers/STM32H7xx_HAL_Driver/Src/stm32h7xx_hal_sai.o
                0x080092e8                HAL_SAI_Receive_DMA
 .text.HAL_SAI_ErrorCallback
                0x08009410       0x14 ./Drivers/STM32H7xx_HAL_Driver/Src/stm32h7xx_hal_sai.o
                0x08009410                HAL_SAI_ErrorCallback
 .text.SAI_InitI2S
                0x08009424      0x164 ./Drivers/STM32H7xx_HAL_Driver/Src/stm32h7xx_hal_sai.o
 .text.SAI_InitPCM
                0x08009588      0x104 ./Drivers/STM32H7xx_HAL_Driver/Src/stm32h7xx_hal_sai.o
 .text.SAI_InterruptFlag
                0x0800968c       0x6e ./Drivers/STM32H7xx_HAL_Driver/Src/stm32h7xx_hal_sai.o
 *fill*         0x080096fa        0x2 
 .text.SAI_Disable
                0x080096fc       0x74 ./Drivers/STM32H7xx_HAL_Driver/Src/stm32h7xx_hal_sai.o
 .text.SAI_DMATxCplt
                0x08009770       0x60 ./Drivers/STM32H7xx_HAL_Driver/Src/stm32h7xx_hal_sai.o
 .text.SAI_DMATxHalfCplt
                0x080097d0       0x1c ./Drivers/STM32H7xx_HAL_Driver/Src/stm32h7xx_hal_sai.o
 .text.SAI_DMARxCplt
                0x080097ec       0x60 ./Drivers/STM32H7xx_HAL_Driver/Src/stm32h7xx_hal_sai.o
 .text.SAI_DMARxHalfCplt
                0x0800984c       0x1c ./Drivers/STM32H7xx_HAL_Driver/Src/stm32h7xx_hal_sai.o
 .text.SAI_DMAError
                0x08009868       0x5e ./Drivers/STM32H7xx_HAL_Driver/Src/stm32h7xx_hal_sai.o
 *fill*         0x080098c6        0x2 
 .text.HAL_SDRAM_Init
                0x080098c8       0x78 ./Drivers/STM32H7xx_HAL_Driver/Src/stm32h7xx_hal_sdram.o
                0x080098c8                HAL_SDRAM_Init
 .text.HAL_SDRAM_IRQHandler
                0x08009940       0x34 ./Drivers/STM32H7xx_HAL_Driver/Src/stm32h7xx_hal_sdram.o
                0x08009940                HAL_SDRAM_IRQHandler
 .text.HAL_SDRAM_RefreshErrorCallback
                0x08009974       0x14 ./Drivers/STM32H7xx_HAL_Driver/Src/stm32h7xx_hal_sdram.o
                0x08009974                HAL_SDRAM_RefreshErrorCallback
 .text.HAL_SDRAM_SendCommand
                0x08009988       0x6a ./Drivers/STM32H7xx_HAL_Driver/Src/stm32h7xx_hal_sdram.o
                0x08009988                HAL_SDRAM_SendCommand
 .text.HAL_SDRAM_ProgramRefreshRate
                0x080099f2       0x50 ./Drivers/STM32H7xx_HAL_Driver/Src/stm32h7xx_hal_sdram.o
                0x080099f2                HAL_SDRAM_ProgramRefreshRate
 *fill*         0x08009a42        0x2 
 .text.FMC_SDRAM_Init
                0x08009a44       0xb8 ./Drivers/STM32H7xx_HAL_Driver/Src/stm32h7xx_ll_fmc.o
                0x08009a44                FMC_SDRAM_Init
 .text.FMC_SDRAM_Timing_Init
                0x08009afc       0xd4 ./Drivers/STM32H7xx_HAL_Driver/Src/stm32h7xx_ll_fmc.o
                0x08009afc                FMC_SDRAM_Timing_Init
 .text.FMC_SDRAM_SendCommand
                0x08009bd0       0x48 ./Drivers/STM32H7xx_HAL_Driver/Src/stm32h7xx_ll_fmc.o
                0x08009bd0                FMC_SDRAM_SendCommand
 .text.FMC_SDRAM_ProgramRefreshRate
                0x08009c18       0x30 ./Drivers/STM32H7xx_HAL_Driver/Src/stm32h7xx_ll_fmc.o
                0x08009c18                FMC_SDRAM_ProgramRefreshRate
 .text._ZdlPvj  0x08009c48        0x4 C:/ST/STM32CubeIDE_1.17.0/STM32CubeIDE/plugins/com.st.stm32cube.ide.mcu.externaltools.gnu-tools-for-stm32.12.3.rel1.win32_1.1.0.202410251130/tools/bin/../lib/gcc/arm-none-eabi/12.3.1/../../../../arm-none-eabi/lib/thumb/v7e-m+dp/hard\libstdc++_nano.a(del_ops.o)
                0x08009c48                operator delete(void*, unsigned int)
 .text._ZdlPv   0x08009c4c        0x4 C:/ST/STM32CubeIDE_1.17.0/STM32CubeIDE/plugins/com.st.stm32cube.ide.mcu.externaltools.gnu-tools-for-stm32.12.3.rel1.win32_1.1.0.202410251130/tools/bin/../lib/gcc/arm-none-eabi/12.3.1/../../../../arm-none-eabi/lib/thumb/v7e-m+dp/hard\libstdc++_nano.a(del_op.o)
                0x08009c4c                operator delete(void*)
 .text.free     0x08009c50       0x10 C:/ST/STM32CubeIDE_1.17.0/STM32CubeIDE/plugins/com.st.stm32cube.ide.mcu.externaltools.gnu-tools-for-stm32.12.3.rel1.win32_1.1.0.202410251130/tools/bin/../lib/gcc/arm-none-eabi/12.3.1/../../../../arm-none-eabi/lib/thumb/v7e-m+dp/hard\libc_nano.a(libc_a-malloc.o)
                0x08009c50                free
 .text.__malloc_lock
                0x08009c60        0xc C:/ST/STM32CubeIDE_1.17.0/STM32CubeIDE/plugins/com.st.stm32cube.ide.mcu.externaltools.gnu-tools-for-stm32.12.3.rel1.win32_1.1.0.202410251130/tools/bin/../lib/gcc/arm-none-eabi/12.3.1/../../../../arm-none-eabi/lib/thumb/v7e-m+dp/hard\libc_nano.a(libc_a-mlock.o)
                0x08009c60                __malloc_lock
 .text.__malloc_unlock
                0x08009c6c        0xc C:/ST/STM32CubeIDE_1.17.0/STM32CubeIDE/plugins/com.st.stm32cube.ide.mcu.externaltools.gnu-tools-for-stm32.12.3.rel1.win32_1.1.0.202410251130/tools/bin/../lib/gcc/arm-none-eabi/12.3.1/../../../../arm-none-eabi/lib/thumb/v7e-m+dp/hard\libc_nano.a(libc_a-mlock.o)
                0x08009c6c                __malloc_unlock
 .text.memset   0x08009c78       0x10 C:/ST/STM32CubeIDE_1.17.0/STM32CubeIDE/plugins/com.st.stm32cube.ide.mcu.externaltools.gnu-tools-for-stm32.12.3.rel1.win32_1.1.0.202410251130/tools/bin/../lib/gcc/arm-none-eabi/12.3.1/../../../../arm-none-eabi/lib/thumb/v7e-m+dp/hard\libc_nano.a(libc_a-memset.o)
                0x08009c78                memset
 .text.__libc_init_array
                0x08009c88       0x48 C:/ST/STM32CubeIDE_1.17.0/STM32CubeIDE/plugins/com.st.stm32cube.ide.mcu.externaltools.gnu-tools-for-stm32.12.3.rel1.win32_1.1.0.202410251130/tools/bin/../lib/gcc/arm-none-eabi/12.3.1/../../../../arm-none-eabi/lib/thumb/v7e-m+dp/hard\libc_nano.a(libc_a-init.o)
                0x08009c88                __libc_init_array
 .text.__retarget_lock_acquire_recursive
                0x08009cd0        0x2 C:/ST/STM32CubeIDE_1.17.0/STM32CubeIDE/plugins/com.st.stm32cube.ide.mcu.externaltools.gnu-tools-for-stm32.12.3.rel1.win32_1.1.0.202410251130/tools/bin/../lib/gcc/arm-none-eabi/12.3.1/../../../../arm-none-eabi/lib/thumb/v7e-m+dp/hard\libc_nano.a(libc_a-lock.o)
                0x08009cd0                __retarget_lock_acquire_recursive
 .text.__retarget_lock_release_recursive
                0x08009cd2        0x2 C:/ST/STM32CubeIDE_1.17.0/STM32CubeIDE/plugins/com.st.stm32cube.ide.mcu.externaltools.gnu-tools-for-stm32.12.3.rel1.win32_1.1.0.202410251130/tools/bin/../lib/gcc/arm-none-eabi/12.3.1/../../../../arm-none-eabi/lib/thumb/v7e-m+dp/hard\libc_nano.a(libc_a-lock.o)
                0x08009cd2                __retarget_lock_release_recursive
 .text._free_r  0x08009cd4       0x94 C:/ST/STM32CubeIDE_1.17.0/STM32CubeIDE/plugins/com.st.stm32cube.ide.mcu.externaltools.gnu-tools-for-stm32.12.3.rel1.win32_1.1.0.202410251130/tools/bin/../lib/gcc/arm-none-eabi/12.3.1/../../../../arm-none-eabi/lib/thumb/v7e-m+dp/hard\libc_nano.a(libc_a-freer.o)
                0x08009cd4                _free_r
 *(.glue_7)
 .glue_7        0x08009d68        0x0 linker stubs
 *(.glue_7t)
 .glue_7t       0x08009d68        0x0 linker stubs
 *(.eh_frame)
 .eh_frame      0x08009d68        0x0 C:/ST/STM32CubeIDE_1.17.0/STM32CubeIDE/plugins/com.st.stm32cube.ide.mcu.externaltools.gnu-tools-for-stm32.12.3.rel1.win32_1.1.0.202410251130/tools/bin/../lib/gcc/arm-none-eabi/12.3.1/thumb/v7e-m+dp/hard/crtbegin.o
 *(.init)
 .init          0x08009d68        0x4 C:/ST/STM32CubeIDE_1.17.0/STM32CubeIDE/plugins/com.st.stm32cube.ide.mcu.externaltools.gnu-tools-for-stm32.12.3.rel1.win32_1.1.0.202410251130/tools/bin/../lib/gcc/arm-none-eabi/12.3.1/thumb/v7e-m+dp/hard/crti.o
                0x08009d68                _init
 .init          0x08009d6c        0x8 C:/ST/STM32CubeIDE_1.17.0/STM32CubeIDE/plugins/com.st.stm32cube.ide.mcu.externaltools.gnu-tools-for-stm32.12.3.rel1.win32_1.1.0.202410251130/tools/bin/../lib/gcc/arm-none-eabi/12.3.1/thumb/v7e-m+dp/hard/crtn.o
 *(.fini)
 .fini          0x08009d74        0x4 C:/ST/STM32CubeIDE_1.17.0/STM32CubeIDE/plugins/com.st.stm32cube.ide.mcu.externaltools.gnu-tools-for-stm32.12.3.rel1.win32_1.1.0.202410251130/tools/bin/../lib/gcc/arm-none-eabi/12.3.1/thumb/v7e-m+dp/hard/crti.o
                0x08009d74                _fini
 .fini          0x08009d78        0x8 C:/ST/STM32CubeIDE_1.17.0/STM32CubeIDE/plugins/com.st.stm32cube.ide.mcu.externaltools.gnu-tools-for-stm32.12.3.rel1.win32_1.1.0.202410251130/tools/bin/../lib/gcc/arm-none-eabi/12.3.1/thumb/v7e-m+dp/hard/crtn.o
                0x08009d80                        . = ALIGN (0x4)
                0x08009d80                        _etext = .

.vfp11_veneer   0x08009d80        0x0
 .vfp11_veneer  0x08009d80        0x0 linker stubs

.v4_bx          0x08009d80        0x0
 .v4_bx         0x08009d80        0x0 linker stubs

.iplt           0x08009d80        0x0
 .iplt          0x08009d80        0x0 C:/ST/STM32CubeIDE_1.17.0/STM32CubeIDE/plugins/com.st.stm32cube.ide.mcu.externaltools.gnu-tools-for-stm32.12.3.rel1.win32_1.1.0.202410251130/tools/bin/../lib/gcc/arm-none-eabi/12.3.1/thumb/v7e-m+dp/hard/crtbegin.o

.rodata         0x08009d80       0x38
                0x08009d80                        . = ALIGN (0x4)
 *(.rodata)
 *(.rodata*)
 .rodata._ZTVN3Dad10cIS25LPxxxE
                0x08009d80       0x10 ./Core/Src/main.o
                0x08009d80                vtable for Dad::cIS25LPxxx
 .rodata._ZTVN3Dad7cHwQSPIE
                0x08009d90       0x10 ./Core/Src/main.o
                0x08009d90                vtable for Dad::cHwQSPI
 .rodata.D1CorePrescTable
                0x08009da0       0x10 ./Core/Src/system_stm32h7xx.o
                0x08009da0                D1CorePrescTable
 .rodata.flagBitshiftOffset.0
                0x08009db0        0x8 ./Drivers/STM32H7xx_HAL_Driver/Src/stm32h7xx_hal_dma.o
                0x08009db8                        . = ALIGN (0x4)

.ARM.extab
 *(.ARM.extab* .gnu.linkonce.armextab.*)

.ARM            0x08009db8        0x0
                0x08009db8                        __exidx_start = .
 *(.ARM.exidx*)
                0x08009db8                        __exidx_end = .

.preinit_array  0x08009db8        0x0
                0x08009db8                        PROVIDE (__preinit_array_start = .)
 *(.preinit_array*)
                0x08009db8                        PROVIDE (__preinit_array_end = .)

.init_array     0x08009db8        0x8
                0x08009db8                        PROVIDE (__init_array_start = .)
 *(SORT_BY_NAME(.init_array.*))
 *(.init_array*)
 .init_array    0x08009db8        0x4 C:/ST/STM32CubeIDE_1.17.0/STM32CubeIDE/plugins/com.st.stm32cube.ide.mcu.externaltools.gnu-tools-for-stm32.12.3.rel1.win32_1.1.0.202410251130/tools/bin/../lib/gcc/arm-none-eabi/12.3.1/thumb/v7e-m+dp/hard/crtbegin.o
 .init_array    0x08009dbc        0x4 ./Core/Src/main.o
                0x08009dc0                        PROVIDE (__init_array_end = .)

.fini_array     0x08009dc0        0x8
                [!provide]                        PROVIDE (__fini_array_start = .)
 *(SORT_BY_NAME(.fini_array.*))
 *(.fini_array*)
 .fini_array    0x08009dc0        0x4 C:/ST/STM32CubeIDE_1.17.0/STM32CubeIDE/plugins/com.st.stm32cube.ide.mcu.externaltools.gnu-tools-for-stm32.12.3.rel1.win32_1.1.0.202410251130/tools/bin/../lib/gcc/arm-none-eabi/12.3.1/thumb/v7e-m+dp/hard/crtbegin.o
 .fini_array    0x08009dc4        0x4 ./Core/Src/main.o
                [!provide]                        PROVIDE (__fini_array_end = .)
                0x08009dc8                        _sidata = LOADADDR (.data)

.rel.dyn        0x08009dc8        0x0
 .rel.iplt      0x08009dc8        0x0 C:/ST/STM32CubeIDE_1.17.0/STM32CubeIDE/plugins/com.st.stm32cube.ide.mcu.externaltools.gnu-tools-for-stm32.12.3.rel1.win32_1.1.0.202410251130/tools/bin/../lib/gcc/arm-none-eabi/12.3.1/thumb/v7e-m+dp/hard/crtbegin.o

.data           0x24000000       0x64 load address 0x08009dc8
                0x24000000                        . = ALIGN (0x4)
                0x24000000                        _sdata = .
 *(.data)
 *(.data*)
 .data.pOut     0x24000000        0x4 ./Core/Src/Audio.o
                0x24000000                pOut
 .data.SystemCoreClock
                0x24000004        0x4 ./Core/Src/system_stm32h7xx.o
                0x24000004                SystemCoreClock
 .data.SystemD2Clock
                0x24000008        0x4 ./Core/Src/system_stm32h7xx.o
                0x24000008                SystemD2Clock
 .data.uwTickPrio
                0x2400000c        0x4 ./Drivers/STM32H7xx_HAL_Driver/Src/stm32h7xx_hal.o
                0x2400000c                uwTickPrio
 .data.uwTickFreq
                0x24000010        0x1 ./Drivers/STM32H7xx_HAL_Driver/Src/stm32h7xx_hal.o
                0x24000010                uwTickFreq
 *fill*         0x24000011        0x3 
 .data._impure_ptr
                0x24000014        0x4 C:/ST/STM32CubeIDE_1.17.0/STM32CubeIDE/plugins/com.st.stm32cube.ide.mcu.externaltools.gnu-tools-for-stm32.12.3.rel1.win32_1.1.0.202410251130/tools/bin/../lib/gcc/arm-none-eabi/12.3.1/../../../../arm-none-eabi/lib/thumb/v7e-m+dp/hard\libc_nano.a(libc_a-impure.o)
                0x24000014                _impure_ptr
 .data._impure_data
                0x24000018       0x4c C:/ST/STM32CubeIDE_1.17.0/STM32CubeIDE/plugins/com.st.stm32cube.ide.mcu.externaltools.gnu-tools-for-stm32.12.3.rel1.win32_1.1.0.202410251130/tools/bin/../lib/gcc/arm-none-eabi/12.3.1/../../../../arm-none-eabi/lib/thumb/v7e-m+dp/hard\libc_nano.a(libc_a-impure.o)
                0x24000018                _impure_data
 *(.RamFunc)
 *(.RamFunc*)
                0x24000064                        . = ALIGN (0x4)
                0x24000064                        _edata = .

.igot.plt       0x24000064        0x0 load address 0x08009e2c
 .igot.plt      0x24000064        0x0 C:/ST/STM32CubeIDE_1.17.0/STM32CubeIDE/plugins/com.st.stm32cube.ide.mcu.externaltools.gnu-tools-for-stm32.12.3.rel1.win32_1.1.0.202410251130/tools/bin/../lib/gcc/arm-none-eabi/12.3.1/thumb/v7e-m+dp/hard/crtbegin.o
                0x24000064                        . = ALIGN (0x4)

.bss            0x24000064      0x5a0 load address 0x08009e2c
                0x24000064                        _sbss = .
                0x24000064                        __bss_start__ = _sbss
 *(.bss)
 .bss           0x24000064       0x1c C:/ST/STM32CubeIDE_1.17.0/STM32CubeIDE/plugins/com.st.stm32cube.ide.mcu.externaltools.gnu-tools-for-stm32.12.3.rel1.win32_1.1.0.202410251130/tools/bin/../lib/gcc/arm-none-eabi/12.3.1/thumb/v7e-m+dp/hard/crtbegin.o
 *(.bss*)
 .bss.In        0x24000080       0x20 ./Core/Src/Audio.o
                0x24000080                In
 .bss.Out1      0x240000a0       0x20 ./Core/Src/Audio.o
                0x240000a0                Out1
 .bss.Out2      0x240000c0       0x20 ./Core/Src/Audio.o
                0x240000c0                Out2
 .bss.rxBuffer  0x240000e0       0x40 ./Core/Src/Audio.o
                0x240000e0                rxBuffer
 .bss.txBuffer  0x24000120       0x40 ./Core/Src/Audio.o
                0x24000120                txBuffer
 .bss.hqspi     0x24000160       0x4c ./Core/Src/main.o
                0x24000160                hqspi
 .bss.hsai_BlockA1
                0x240001ac       0x98 ./Core/Src/main.o
                0x240001ac                hsai_BlockA1
 .bss.hsai_BlockB1
                0x24000244       0x98 ./Core/Src/main.o
                0x24000244                hsai_BlockB1
 .bss.hdma_sai1_a
                0x240002dc       0x78 ./Core/Src/main.o
                0x240002dc                hdma_sai1_a
 .bss.hdma_sai1_b
                0x24000354       0x78 ./Core/Src/main.o
                0x24000354                hdma_sai1_b
 .bss.hsdram1   0x240003cc       0x34 ./Core/Src/main.o
                0x240003cc                hsdram1
 .bss.__Flash   0x24000400       0xb8 ./Core/Src/main.o
                0x24000400                __Flash
 .bss.FMC_Initialized
                0x240004b8        0x4 ./Core/Src/stm32h7xx_hal_msp.o
 .bss.SAI1_client
                0x240004bc        0x4 ./Core/Src/stm32h7xx_hal_msp.o
 .bss.uwTick    0x240004c0        0x4 ./Drivers/STM32H7xx_HAL_Driver/Src/stm32h7xx_hal.o
                0x240004c0                uwTick
 .bss.__malloc_free_list
                0x240004c4        0x4 C:/ST/STM32CubeIDE_1.17.0/STM32CubeIDE/plugins/com.st.stm32cube.ide.mcu.externaltools.gnu-tools-for-stm32.12.3.rel1.win32_1.1.0.202410251130/tools/bin/../lib/gcc/arm-none-eabi/12.3.1/../../../../arm-none-eabi/lib/thumb/v7e-m+dp/hard\libc_nano.a(libc_a-mallocr.o)
                0x240004c4                __malloc_free_list
 .bss.__sf      0x240004c8      0x138 C:/ST/STM32CubeIDE_1.17.0/STM32CubeIDE/plugins/com.st.stm32cube.ide.mcu.externaltools.gnu-tools-for-stm32.12.3.rel1.win32_1.1.0.202410251130/tools/bin/../lib/gcc/arm-none-eabi/12.3.1/../../../../arm-none-eabi/lib/thumb/v7e-m+dp/hard\libc_nano.a(libc_a-findfp.o)
                0x240004c8                __sf
 .bss.__lock___malloc_recursive_mutex
                0x24000600        0x1 C:/ST/STM32CubeIDE_1.17.0/STM32CubeIDE/plugins/com.st.stm32cube.ide.mcu.externaltools.gnu-tools-for-stm32.12.3.rel1.win32_1.1.0.202410251130/tools/bin/../lib/gcc/arm-none-eabi/12.3.1/../../../../arm-none-eabi/lib/thumb/v7e-m+dp/hard\libc_nano.a(libc_a-lock.o)
                0x24000600                __lock___malloc_recursive_mutex
 *(COMMON)
                0x24000604                        . = ALIGN (0x4)
 *fill*         0x24000601        0x3 
                0x24000604                        _ebss = .
                0x24000604                        __bss_end__ = _ebss

._user_heap_stack
                0x24000604      0x604 load address 0x08009e2c
                0x24000608                        . = ALIGN (0x8)
 *fill*         0x24000604        0x4 
                [!provide]                        PROVIDE (end = .)
                0x24000608                        PROVIDE (_end = .)
                0x24000808                        . = (. + _Min_Heap_Size)
 *fill*         0x24000608      0x200 
                0x24000c08                        . = (. + _Min_Stack_Size)
 *fill*         0x24000808      0x400 
                0x24000c08                        . = ALIGN (0x8)

/DISCARD/
 libc.a(*)
 libm.a(*)
 libgcc.a(*)

.ARM.attributes
                0x00000000       0x2e
 *(.ARM.attributes)
 .ARM.attributes
                0x00000000       0x20 C:/ST/STM32CubeIDE_1.17.0/STM32CubeIDE/plugins/com.st.stm32cube.ide.mcu.externaltools.gnu-tools-for-stm32.12.3.rel1.win32_1.1.0.202410251130/tools/bin/../lib/gcc/arm-none-eabi/12.3.1/thumb/v7e-m+dp/hard/crti.o
 .ARM.attributes
                0x00000020       0x32 C:/ST/STM32CubeIDE_1.17.0/STM32CubeIDE/plugins/com.st.stm32cube.ide.mcu.externaltools.gnu-tools-for-stm32.12.3.rel1.win32_1.1.0.202410251130/tools/bin/../lib/gcc/arm-none-eabi/12.3.1/thumb/v7e-m+dp/hard/crtbegin.o
 .ARM.attributes
                0x00000052       0x32 ./Core/Src/Audio.o
 .ARM.attributes
                0x00000084       0x32 ./Core/Src/cIS25LPxxx.o
 .ARM.attributes
                0x000000b6       0x32 ./Core/Src/main.o
 .ARM.attributes
                0x000000e8       0x32 ./Core/Src/stm32h7xx_hal_msp.o
 .ARM.attributes
                0x0000011a       0x32 ./Core/Src/stm32h7xx_it.o
 .ARM.attributes
                0x0000014c       0x32 ./Core/Src/system_stm32h7xx.o
 .ARM.attributes
                0x0000017e       0x21 ./Core/Startup/startup_stm32h750ibkx.o
 .ARM.attributes
                0x0000019f       0x32 ./Drivers/STM32H7xx_HAL_Driver/Src/stm32h7xx_hal.o
 .ARM.attributes
                0x000001d1       0x32 ./Drivers/STM32H7xx_HAL_Driver/Src/stm32h7xx_hal_cortex.o
 .ARM.attributes
                0x00000203       0x32 ./Drivers/STM32H7xx_HAL_Driver/Src/stm32h7xx_hal_dma.o
 .ARM.attributes
                0x00000235       0x32 ./Drivers/STM32H7xx_HAL_Driver/Src/stm32h7xx_hal_gpio.o
 .ARM.attributes
                0x00000267       0x32 ./Drivers/STM32H7xx_HAL_Driver/Src/stm32h7xx_hal_mdma.o
 .ARM.attributes
                0x00000299       0x32 ./Drivers/STM32H7xx_HAL_Driver/Src/stm32h7xx_hal_pwr_ex.o
 .ARM.attributes
                0x000002cb       0x32 ./Drivers/STM32H7xx_HAL_Driver/Src/stm32h7xx_hal_qspi.o
 .ARM.attributes
                0x000002fd       0x32 ./Drivers/STM32H7xx_HAL_Driver/Src/stm32h7xx_hal_rcc.o
 .ARM.attributes
                0x0000032f       0x32 ./Drivers/STM32H7xx_HAL_Driver/Src/stm32h7xx_hal_rcc_ex.o
 .ARM.attributes
                0x00000361       0x32 ./Drivers/STM32H7xx_HAL_Driver/Src/stm32h7xx_hal_sai.o
 .ARM.attributes
                0x00000393       0x32 ./Drivers/STM32H7xx_HAL_Driver/Src/stm32h7xx_hal_sdram.o
 .ARM.attributes
                0x000003c5       0x32 ./Drivers/STM32H7xx_HAL_Driver/Src/stm32h7xx_ll_fmc.o
 .ARM.attributes
                0x000003f7       0x32 C:/ST/STM32CubeIDE_1.17.0/STM32CubeIDE/plugins/com.st.stm32cube.ide.mcu.externaltools.gnu-tools-for-stm32.12.3.rel1.win32_1.1.0.202410251130/tools/bin/../lib/gcc/arm-none-eabi/12.3.1/../../../../arm-none-eabi/lib/thumb/v7e-m+dp/hard\libstdc++_nano.a(del_ops.o)
 .ARM.attributes
                0x00000429       0x32 C:/ST/STM32CubeIDE_1.17.0/STM32CubeIDE/plugins/com.st.stm32cube.ide.mcu.externaltools.gnu-tools-for-stm32.12.3.rel1.win32_1.1.0.202410251130/tools/bin/../lib/gcc/arm-none-eabi/12.3.1/../../../../arm-none-eabi/lib/thumb/v7e-m+dp/hard\libstdc++_nano.a(del_op.o)
 .ARM.attributes
                0x0000045b       0x32 C:/ST/STM32CubeIDE_1.17.0/STM32CubeIDE/plugins/com.st.stm32cube.ide.mcu.externaltools.gnu-tools-for-stm32.12.3.rel1.win32_1.1.0.202410251130/tools/bin/../lib/gcc/arm-none-eabi/12.3.1/../../../../arm-none-eabi/lib/thumb/v7e-m+dp/hard\libc_nano.a(libc_a-malloc.o)
 .ARM.attributes
                0x0000048d       0x32 C:/ST/STM32CubeIDE_1.17.0/STM32CubeIDE/plugins/com.st.stm32cube.ide.mcu.externaltools.gnu-tools-for-stm32.12.3.rel1.win32_1.1.0.202410251130/tools/bin/../lib/gcc/arm-none-eabi/12.3.1/../../../../arm-none-eabi/lib/thumb/v7e-m+dp/hard\libc_nano.a(libc_a-mallocr.o)
 .ARM.attributes
                0x000004bf       0x32 C:/ST/STM32CubeIDE_1.17.0/STM32CubeIDE/plugins/com.st.stm32cube.ide.mcu.externaltools.gnu-tools-for-stm32.12.3.rel1.win32_1.1.0.202410251130/tools/bin/../lib/gcc/arm-none-eabi/12.3.1/../../../../arm-none-eabi/lib/thumb/v7e-m+dp/hard\libc_nano.a(libc_a-mlock.o)
 .ARM.attributes
                0x000004f1       0x32 C:/ST/STM32CubeIDE_1.17.0/STM32CubeIDE/plugins/com.st.stm32cube.ide.mcu.externaltools.gnu-tools-for-stm32.12.3.rel1.win32_1.1.0.202410251130/tools/bin/../lib/gcc/arm-none-eabi/12.3.1/../../../../arm-none-eabi/lib/thumb/v7e-m+dp/hard\libc_nano.a(libc_a-findfp.o)
 .ARM.attributes
                0x00000523       0x32 C:/ST/STM32CubeIDE_1.17.0/STM32CubeIDE/plugins/com.st.stm32cube.ide.mcu.externaltools.gnu-tools-for-stm32.12.3.rel1.win32_1.1.0.202410251130/tools/bin/../lib/gcc/arm-none-eabi/12.3.1/../../../../arm-none-eabi/lib/thumb/v7e-m+dp/hard\libc_nano.a(libc_a-memset.o)
 .ARM.attributes
                0x00000555       0x32 C:/ST/STM32CubeIDE_1.17.0/STM32CubeIDE/plugins/com.st.stm32cube.ide.mcu.externaltools.gnu-tools-for-stm32.12.3.rel1.win32_1.1.0.202410251130/tools/bin/../lib/gcc/arm-none-eabi/12.3.1/../../../../arm-none-eabi/lib/thumb/v7e-m+dp/hard\libc_nano.a(libc_a-impure.o)
 .ARM.attributes
                0x00000587       0x32 C:/ST/STM32CubeIDE_1.17.0/STM32CubeIDE/plugins/com.st.stm32cube.ide.mcu.externaltools.gnu-tools-for-stm32.12.3.rel1.win32_1.1.0.202410251130/tools/bin/../lib/gcc/arm-none-eabi/12.3.1/../../../../arm-none-eabi/lib/thumb/v7e-m+dp/hard\libc_nano.a(libc_a-init.o)
 .ARM.attributes
                0x000005b9       0x32 C:/ST/STM32CubeIDE_1.17.0/STM32CubeIDE/plugins/com.st.stm32cube.ide.mcu.externaltools.gnu-tools-for-stm32.12.3.rel1.win32_1.1.0.202410251130/tools/bin/../lib/gcc/arm-none-eabi/12.3.1/../../../../arm-none-eabi/lib/thumb/v7e-m+dp/hard\libc_nano.a(libc_a-lock.o)
 .ARM.attributes
                0x000005eb       0x32 C:/ST/STM32CubeIDE_1.17.0/STM32CubeIDE/plugins/com.st.stm32cube.ide.mcu.externaltools.gnu-tools-for-stm32.12.3.rel1.win32_1.1.0.202410251130/tools/bin/../lib/gcc/arm-none-eabi/12.3.1/../../../../arm-none-eabi/lib/thumb/v7e-m+dp/hard\libc_nano.a(libc_a-freer.o)
 .ARM.attributes
                0x0000061d       0x20 C:/ST/STM32CubeIDE_1.17.0/STM32CubeIDE/plugins/com.st.stm32cube.ide.mcu.externaltools.gnu-tools-for-stm32.12.3.rel1.win32_1.1.0.202410251130/tools/bin/../lib/gcc/arm-none-eabi/12.3.1/thumb/v7e-m+dp/hard/crtn.o

.DTCMRAM_Section
                0x20000000        0x0
                0x20000000                        . = ALIGN (0x4)
 *(.DTCMRAM_Section)
                0x20000000                        . = ALIGN (0x4)

.ITCMRAM_Section
                0x00000000        0x0
                0x00000000                        . = ALIGN (0x4)
 *(.ITCMRAM_Section)
                0x00000000                        . = ALIGN (0x4)

.RAM_D3_Section
                0x38000000        0x0
                0x38000000                        . = ALIGN (0x4)
 *(.RAM_D3_Section)
                0x38000000                        . = ALIGN (0x4)

.RAM_D2_Section
                0x30000000        0x0
                0x30000000                        . = ALIGN (0x4)
 *(.RAM_D2_Section)
                0x30000000                        . = ALIGN (0x4)

.QFLASH_Section
                0x90000000        0x0
                0x90000000                        . = ALIGN (0x4)
 *(.QFLASH_Section)
                0x90000000                        . = ALIGN (0x4)

.SDRAM_Section  0xc0000000        0x0
                0xc0000000                        . = ALIGN (0x4)
 *(.SDRAM_Section)
                0xc0000000                        . = ALIGN (0x4)
OUTPUT(DaisySeedGeneric.elf elf32-littlearm)
LOAD linker stubs
LOAD C:/ST/STM32CubeIDE_1.17.0/STM32CubeIDE/plugins/com.st.stm32cube.ide.mcu.externaltools.gnu-tools-for-stm32.12.3.rel1.win32_1.1.0.202410251130/tools/bin/../lib/gcc/arm-none-eabi/12.3.1/../../../../arm-none-eabi/lib/thumb/v7e-m+dp/hard\libc.a
LOAD C:/ST/STM32CubeIDE_1.17.0/STM32CubeIDE/plugins/com.st.stm32cube.ide.mcu.externaltools.gnu-tools-for-stm32.12.3.rel1.win32_1.1.0.202410251130/tools/bin/../lib/gcc/arm-none-eabi/12.3.1/../../../../arm-none-eabi/lib/thumb/v7e-m+dp/hard\libm.a
LOAD C:/ST/STM32CubeIDE_1.17.0/STM32CubeIDE/plugins/com.st.stm32cube.ide.mcu.externaltools.gnu-tools-for-stm32.12.3.rel1.win32_1.1.0.202410251130/tools/bin/../lib/gcc/arm-none-eabi/12.3.1/thumb/v7e-m+dp/hard\libgcc.a

.debug_info     0x00000000    0x1856c
 .debug_info    0x00000000     0x2114 ./Core/Src/Audio.o
 .debug_info    0x00002114     0x2779 ./Core/Src/cIS25LPxxx.o
 .debug_info    0x0000488d     0x462c ./Core/Src/main.o
 .debug_info    0x00008eb9     0x1e3e ./Core/Src/stm32h7xx_hal_msp.o
 .debug_info    0x0000acf7      0xcaf ./Core/Src/stm32h7xx_it.o
 .debug_info    0x0000b9a6      0xdb2 ./Core/Src/system_stm32h7xx.o
 .debug_info    0x0000c758       0x30 ./Core/Startup/startup_stm32h750ibkx.o
 .debug_info    0x0000c788     0x1541 ./Drivers/STM32H7xx_HAL_Driver/Src/stm32h7xx_hal.o
 .debug_info    0x0000dcc9     0x10b7 ./Drivers/STM32H7xx_HAL_Driver/Src/stm32h7xx_hal_cortex.o
 .debug_info    0x0000ed80      0xc31 ./Drivers/STM32H7xx_HAL_Driver/Src/stm32h7xx_hal_dma.o
 .debug_info    0x0000f9b1      0xc5a ./Drivers/STM32H7xx_HAL_Driver/Src/stm32h7xx_hal_gpio.o
 .debug_info    0x0001060b      0xbd2 ./Drivers/STM32H7xx_HAL_Driver/Src/stm32h7xx_hal_mdma.o
 .debug_info    0x000111dd     0x1012 ./Drivers/STM32H7xx_HAL_Driver/Src/stm32h7xx_hal_pwr_ex.o
 .debug_info    0x000121ef     0x12b8 ./Drivers/STM32H7xx_HAL_Driver/Src/stm32h7xx_hal_qspi.o
 .debug_info    0x000134a7      0xe6a ./Drivers/STM32H7xx_HAL_Driver/Src/stm32h7xx_hal_rcc.o
 .debug_info    0x00014311     0x1225 ./Drivers/STM32H7xx_HAL_Driver/Src/stm32h7xx_hal_rcc_ex.o
 .debug_info    0x00015536     0x13d7 ./Drivers/STM32H7xx_HAL_Driver/Src/stm32h7xx_hal_sai.o
 .debug_info    0x0001690d     0x107c ./Drivers/STM32H7xx_HAL_Driver/Src/stm32h7xx_hal_sdram.o
 .debug_info    0x00017989      0xbe3 ./Drivers/STM32H7xx_HAL_Driver/Src/stm32h7xx_ll_fmc.o

.debug_abbrev   0x00000000     0x2ec4
 .debug_abbrev  0x00000000      0x32a ./Core/Src/Audio.o
 .debug_abbrev  0x0000032a      0x3e3 ./Core/Src/cIS25LPxxx.o
 .debug_abbrev  0x0000070d      0x586 ./Core/Src/main.o
 .debug_abbrev  0x00000c93      0x299 ./Core/Src/stm32h7xx_hal_msp.o
 .debug_abbrev  0x00000f2c      0x190 ./Core/Src/stm32h7xx_it.o
 .debug_abbrev  0x000010bc      0x165 ./Core/Src/system_stm32h7xx.o
 .debug_abbrev  0x00001221       0x24 ./Core/Startup/startup_stm32h750ibkx.o
 .debug_abbrev  0x00001245      0x295 ./Drivers/STM32H7xx_HAL_Driver/Src/stm32h7xx_hal.o
 .debug_abbrev  0x000014da      0x339 ./Drivers/STM32H7xx_HAL_Driver/Src/stm32h7xx_hal_cortex.o
 .debug_abbrev  0x00001813      0x248 ./Drivers/STM32H7xx_HAL_Driver/Src/stm32h7xx_hal_dma.o
 .debug_abbrev  0x00001a5b      0x205 ./Drivers/STM32H7xx_HAL_Driver/Src/stm32h7xx_hal_gpio.o
 .debug_abbrev  0x00001c60      0x1ff ./Drivers/STM32H7xx_HAL_Driver/Src/stm32h7xx_hal_mdma.o
 .debug_abbrev  0x00001e5f      0x2a7 ./Drivers/STM32H7xx_HAL_Driver/Src/stm32h7xx_hal_pwr_ex.o
 .debug_abbrev  0x00002106      0x24d ./Drivers/STM32H7xx_HAL_Driver/Src/stm32h7xx_hal_qspi.o
 .debug_abbrev  0x00002353      0x2c8 ./Drivers/STM32H7xx_HAL_Driver/Src/stm32h7xx_hal_rcc.o
 .debug_abbrev  0x0000261b      0x269 ./Drivers/STM32H7xx_HAL_Driver/Src/stm32h7xx_hal_rcc_ex.o
 .debug_abbrev  0x00002884      0x28b ./Drivers/STM32H7xx_HAL_Driver/Src/stm32h7xx_hal_sai.o
 .debug_abbrev  0x00002b0f      0x209 ./Drivers/STM32H7xx_HAL_Driver/Src/stm32h7xx_hal_sdram.o
 .debug_abbrev  0x00002d18      0x1ac ./Drivers/STM32H7xx_HAL_Driver/Src/stm32h7xx_ll_fmc.o

.debug_aranges  0x00000000      0xea0
 .debug_aranges
                0x00000000       0x50 ./Core/Src/Audio.o
 .debug_aranges
                0x00000050       0x98 ./Core/Src/cIS25LPxxx.o
 .debug_aranges
                0x000000e8       0xb8 ./Core/Src/main.o
 .debug_aranges
                0x000001a0       0x60 ./Core/Src/stm32h7xx_hal_msp.o
 .debug_aranges
                0x00000200       0x80 ./Core/Src/stm32h7xx_it.o
 .debug_aranges
                0x00000280       0x30 ./Core/Src/system_stm32h7xx.o
 .debug_aranges
                0x000002b0       0x28 ./Core/Startup/startup_stm32h750ibkx.o
 .debug_aranges
                0x000002d8      0x198 ./Drivers/STM32H7xx_HAL_Driver/Src/stm32h7xx_hal.o
 .debug_aranges
                0x00000470      0x130 ./Drivers/STM32H7xx_HAL_Driver/Src/stm32h7xx_hal_cortex.o
 .debug_aranges
                0x000005a0       0xa0 ./Drivers/STM32H7xx_HAL_Driver/Src/stm32h7xx_hal_dma.o
 .debug_aranges
                0x00000640       0x58 ./Drivers/STM32H7xx_HAL_Driver/Src/stm32h7xx_hal_gpio.o
 .debug_aranges
                0x00000698       0xc0 ./Drivers/STM32H7xx_HAL_Driver/Src/stm32h7xx_hal_mdma.o
 .debug_aranges
                0x00000758      0x158 ./Drivers/STM32H7xx_HAL_Driver/Src/stm32h7xx_hal_pwr_ex.o
 .debug_aranges
                0x000008b0      0x148 ./Drivers/STM32H7xx_HAL_Driver/Src/stm32h7xx_hal_qspi.o
 .debug_aranges
                0x000009f8       0x88 ./Drivers/STM32H7xx_HAL_Driver/Src/stm32h7xx_hal_rcc.o
 .debug_aranges
                0x00000a80       0xf8 ./Drivers/STM32H7xx_HAL_Driver/Src/stm32h7xx_hal_rcc_ex.o
 .debug_aranges
                0x00000b78      0x178 ./Drivers/STM32H7xx_HAL_Driver/Src/stm32h7xx_hal_sai.o
 .debug_aranges
                0x00000cf0       0xe8 ./Drivers/STM32H7xx_HAL_Driver/Src/stm32h7xx_hal_sdram.o
 .debug_aranges
                0x00000dd8       0xc8 ./Drivers/STM32H7xx_HAL_Driver/Src/stm32h7xx_ll_fmc.o

.debug_rnglists
                0x00000000      0xb29
 .debug_rnglists
                0x00000000       0x39 ./Core/Src/Audio.o
 .debug_rnglists
                0x00000039       0x73 ./Core/Src/cIS25LPxxx.o
 .debug_rnglists
                0x000000ac       0x8a ./Core/Src/main.o
 .debug_rnglists
                0x00000136       0x48 ./Core/Src/stm32h7xx_hal_msp.o
 .debug_rnglists
                0x0000017e       0x5b ./Core/Src/stm32h7xx_it.o
 .debug_rnglists
                0x000001d9       0x21 ./Core/Src/system_stm32h7xx.o
 .debug_rnglists
                0x000001fa       0x19 ./Core/Startup/startup_stm32h750ibkx.o
 .debug_rnglists
                0x00000213      0x131 ./Drivers/STM32H7xx_HAL_Driver/Src/stm32h7xx_hal.o
 .debug_rnglists
                0x00000344       0xe0 ./Drivers/STM32H7xx_HAL_Driver/Src/stm32h7xx_hal_cortex.o
 .debug_rnglists
                0x00000424       0x82 ./Drivers/STM32H7xx_HAL_Driver/Src/stm32h7xx_hal_dma.o
 .debug_rnglists
                0x000004a6       0x3f ./Drivers/STM32H7xx_HAL_Driver/Src/stm32h7xx_hal_gpio.o
 .debug_rnglists
                0x000004e5       0x9c ./Drivers/STM32H7xx_HAL_Driver/Src/stm32h7xx_hal_mdma.o
 .debug_rnglists
                0x00000581      0x103 ./Drivers/STM32H7xx_HAL_Driver/Src/stm32h7xx_hal_pwr_ex.o
 .debug_rnglists
                0x00000684      0x101 ./Drivers/STM32H7xx_HAL_Driver/Src/stm32h7xx_hal_qspi.o
 .debug_rnglists
                0x00000785       0x68 ./Drivers/STM32H7xx_HAL_Driver/Src/stm32h7xx_hal_rcc.o
 .debug_rnglists
                0x000007ed       0xc0 ./Drivers/STM32H7xx_HAL_Driver/Src/stm32h7xx_hal_rcc_ex.o
 .debug_rnglists
                0x000008ad      0x136 ./Drivers/STM32H7xx_HAL_Driver/Src/stm32h7xx_hal_sai.o
 .debug_rnglists
                0x000009e3       0xb1 ./Drivers/STM32H7xx_HAL_Driver/Src/stm32h7xx_hal_sdram.o
 .debug_rnglists
                0x00000a94       0x95 ./Drivers/STM32H7xx_HAL_Driver/Src/stm32h7xx_ll_fmc.o

.debug_macro    0x00000000    0x3a9cf
 .debug_macro   0x00000000      0x390 ./Core/Src/Audio.o
 .debug_macro   0x00000390      0xbaa ./Core/Src/Audio.o
 .debug_macro   0x00000f3a      0x23e ./Core/Src/Audio.o
 .debug_macro   0x00001178       0x2e ./Core/Src/Audio.o
 .debug_macro   0x000011a6       0x3b ./Core/Src/Audio.o
 .debug_macro   0x000011e1       0x1c ./Core/Src/Audio.o
 .debug_macro   0x000011fd       0x22 ./Core/Src/Audio.o
 .debug_macro   0x0000121f       0x8e ./Core/Src/Audio.o
 .debug_macro   0x000012ad       0x51 ./Core/Src/Audio.o
 .debug_macro   0x000012fe      0x103 ./Core/Src/Audio.o
 .debug_macro   0x00001401       0x6a ./Core/Src/Audio.o
 .debug_macro   0x0000146b      0x1df ./Core/Src/Audio.o
 .debug_macro   0x0000164a       0x1c ./Core/Src/Audio.o
 .debug_macro   0x00001666       0x22 ./Core/Src/Audio.o
 .debug_macro   0x00001688       0xfb ./Core/Src/Audio.o
 .debug_macro   0x00001783     0x1305 ./Core/Src/Audio.o
 .debug_macro   0x00002a88      0x11f ./Core/Src/Audio.o
 .debug_macro   0x00002ba7       0x27 ./Core/Src/Audio.o
 .debug_macro   0x00002bce    0x26197 ./Core/Src/Audio.o
 .debug_macro   0x00028d65       0x6d ./Core/Src/Audio.o
 .debug_macro   0x00028dd2     0x3d79 ./Core/Src/Audio.o
 .debug_macro   0x0002cb4b      0x190 ./Core/Src/Audio.o
 .debug_macro   0x0002ccdb      0x1d6 ./Core/Src/Audio.o
 .debug_macro   0x0002ceb1       0x10 ./Core/Src/Audio.o
 .debug_macro   0x0002cec1      0x417 ./Core/Src/Audio.o
 .debug_macro   0x0002d2d8       0x18 ./Core/Src/Audio.o
 .debug_macro   0x0002d2f0       0x61 ./Core/Src/Audio.o
 .debug_macro   0x0002d351       0x29 ./Core/Src/Audio.o
 .debug_macro   0x0002d37a       0x43 ./Core/Src/Audio.o
 .debug_macro   0x0002d3bd       0x34 ./Core/Src/Audio.o
 .debug_macro   0x0002d3f1       0x16 ./Core/Src/Audio.o
 .debug_macro   0x0002d407       0x43 ./Core/Src/Audio.o
 .debug_macro   0x0002d44a       0x34 ./Core/Src/Audio.o
 .debug_macro   0x0002d47e       0x10 ./Core/Src/Audio.o
 .debug_macro   0x0002d48e       0x58 ./Core/Src/Audio.o
 .debug_macro   0x0002d4e6       0x8e ./Core/Src/Audio.o
 .debug_macro   0x0002d574       0x16 ./Core/Src/Audio.o
 .debug_macro   0x0002d58a      0x177 ./Core/Src/Audio.o
 .debug_macro   0x0002d701      0x38c ./Core/Src/Audio.o
 .debug_macro   0x0002da8d      0x194 ./Core/Src/Audio.o
 .debug_macro   0x0002dc21       0x10 ./Core/Src/Audio.o
 .debug_macro   0x0002dc31       0x16 ./Core/Src/Audio.o
 .debug_macro   0x0002dc47       0x35 ./Core/Src/Audio.o
 .debug_macro   0x0002dc7c       0x16 ./Core/Src/Audio.o
 .debug_macro   0x0002dc92       0x29 ./Core/Src/Audio.o
 .debug_macro   0x0002dcbb       0x10 ./Core/Src/Audio.o
 .debug_macro   0x0002dccb      0x3c7 ./Core/Src/Audio.o
 .debug_macro   0x0002e092       0x5d ./Core/Src/Audio.o
 .debug_macro   0x0002e0ef     0x240e ./Core/Src/Audio.o
 .debug_macro   0x000304fd     0x102c ./Core/Src/Audio.o
 .debug_macro   0x00031529      0x154 ./Core/Src/Audio.o
 .debug_macro   0x0003167d      0x114 ./Core/Src/Audio.o
 .debug_macro   0x00031791      0x3b6 ./Core/Src/Audio.o
 .debug_macro   0x00031b47       0xac ./Core/Src/Audio.o
 .debug_macro   0x00031bf3      0x72d ./Core/Src/Audio.o
 .debug_macro   0x00032320      0x228 ./Core/Src/Audio.o
 .debug_macro   0x00032548       0x66 ./Core/Src/Audio.o
 .debug_macro   0x000325ae      0x3bb ./Core/Src/Audio.o
 .debug_macro   0x00032969      0x3e4 ./Core/Src/Audio.o
 .debug_macro   0x00032d4d      0x275 ./Core/Src/Audio.o
 .debug_macro   0x00032fc2      0x3ca ./Core/Src/Audio.o
 .debug_macro   0x0003338c      0x3de ./Core/Src/Audio.o
 .debug_macro   0x0003376a       0x3c ./Core/Src/Audio.o
 .debug_macro   0x000337a6       0x4a ./Core/Src/Audio.o
 .debug_macro   0x000337f0      0x22c ./Core/Src/Audio.o
 .debug_macro   0x00033a1c       0x67 ./Core/Src/Audio.o
 .debug_macro   0x00033a83       0xa5 ./Core/Src/Audio.o
 .debug_macro   0x00033b28      0x1c4 ./Core/Src/Audio.o
 .debug_macro   0x00033cec      0x25e ./Core/Src/Audio.o
 .debug_macro   0x00033f4a       0x35 ./Core/Src/Audio.o
 .debug_macro   0x00033f7f       0x16 ./Core/Src/Audio.o
 .debug_macro   0x00033f95      0x2ce ./Core/Src/Audio.o
 .debug_macro   0x00034263      0x3bb ./Core/Src/Audio.o
 .debug_macro   0x0003461e       0x10 ./Core/Src/Audio.o
 .debug_macro   0x0003462e       0xe4 ./Core/Src/Audio.o
 .debug_macro   0x00034712      0x512 ./Core/Src/Audio.o
 .debug_macro   0x00034c24      0x5ac ./Core/Src/Audio.o
 .debug_macro   0x000351d0       0x22 ./Core/Src/Audio.o
 .debug_macro   0x000351f2      0x386 ./Core/Src/cIS25LPxxx.o
 .debug_macro   0x00035578      0x3bb ./Core/Src/main.o
 .debug_macro   0x00035933      0x2dc ./Core/Src/stm32h7xx_hal_msp.o
 .debug_macro   0x00035c0f      0xad2 ./Core/Src/stm32h7xx_hal_msp.o
 .debug_macro   0x000366e1     0x1305 ./Core/Src/stm32h7xx_hal_msp.o
 .debug_macro   0x000379e6      0x189 ./Core/Src/stm32h7xx_hal_msp.o
 .debug_macro   0x00037b6f       0x34 ./Core/Src/stm32h7xx_hal_msp.o
 .debug_macro   0x00037ba3       0x43 ./Core/Src/stm32h7xx_hal_msp.o
 .debug_macro   0x00037be6       0x1c ./Core/Src/stm32h7xx_hal_msp.o
 .debug_macro   0x00037c02      0x369 ./Core/Src/stm32h7xx_hal_msp.o
 .debug_macro   0x00037f6b      0x19b ./Core/Src/stm32h7xx_hal_msp.o
 .debug_macro   0x00038106      0x2e6 ./Core/Src/stm32h7xx_it.o
 .debug_macro   0x000383ec      0x2cd ./Core/Src/system_stm32h7xx.o
 .debug_macro   0x000386b9      0x2f7 ./Drivers/STM32H7xx_HAL_Driver/Src/stm32h7xx_hal.o
 .debug_macro   0x000389b0      0x2cd ./Drivers/STM32H7xx_HAL_Driver/Src/stm32h7xx_hal_cortex.o
 .debug_macro   0x00038c7d      0x321 ./Drivers/STM32H7xx_HAL_Driver/Src/stm32h7xx_hal_dma.o
 .debug_macro   0x00038f9e      0x2d4 ./Drivers/STM32H7xx_HAL_Driver/Src/stm32h7xx_hal_gpio.o
 .debug_macro   0x00039272      0x2dc ./Drivers/STM32H7xx_HAL_Driver/Src/stm32h7xx_hal_mdma.o
 .debug_macro   0x0003954e      0x306 ./Drivers/STM32H7xx_HAL_Driver/Src/stm32h7xx_hal_pwr_ex.o
 .debug_macro   0x00039854      0x2f1 ./Drivers/STM32H7xx_HAL_Driver/Src/stm32h7xx_hal_qspi.o
 .debug_macro   0x00039b45      0x2f1 ./Drivers/STM32H7xx_HAL_Driver/Src/stm32h7xx_hal_rcc.o
 .debug_macro   0x00039e36      0x2eb ./Drivers/STM32H7xx_HAL_Driver/Src/stm32h7xx_hal_rcc_ex.o
 .debug_macro   0x0003a121      0x2ea ./Drivers/STM32H7xx_HAL_Driver/Src/stm32h7xx_hal_sai.o
 .debug_macro   0x0003a40b      0x2cd ./Drivers/STM32H7xx_HAL_Driver/Src/stm32h7xx_hal_sdram.o
 .debug_macro   0x0003a6d8      0x2f7 ./Drivers/STM32H7xx_HAL_Driver/Src/stm32h7xx_ll_fmc.o

.debug_line     0x00000000    0x15307
 .debug_line    0x00000000      0xfa8 ./Core/Src/Audio.o
 .debug_line    0x00000fa8     0x124d ./Core/Src/cIS25LPxxx.o
 .debug_line    0x000021f5     0x1286 ./Core/Src/main.o
 .debug_line    0x0000347b      0xb82 ./Core/Src/stm32h7xx_hal_msp.o
 .debug_line    0x00003ffd      0xa2e ./Core/Src/stm32h7xx_it.o
 .debug_line    0x00004a2b      0xb08 ./Core/Src/system_stm32h7xx.o
 .debug_line    0x00005533       0x7b ./Core/Startup/startup_stm32h750ibkx.o
 .debug_line    0x000055ae      0xebc ./Drivers/STM32H7xx_HAL_Driver/Src/stm32h7xx_hal.o
 .debug_line    0x0000646a      0xeeb ./Drivers/STM32H7xx_HAL_Driver/Src/stm32h7xx_hal_cortex.o
 .debug_line    0x00007355     0x281f ./Drivers/STM32H7xx_HAL_Driver/Src/stm32h7xx_hal_dma.o
 .debug_line    0x00009b74      0xd94 ./Drivers/STM32H7xx_HAL_Driver/Src/stm32h7xx_hal_gpio.o
 .debug_line    0x0000a908     0x1572 ./Drivers/STM32H7xx_HAL_Driver/Src/stm32h7xx_hal_mdma.o
 .debug_line    0x0000be7a      0xfdf ./Drivers/STM32H7xx_HAL_Driver/Src/stm32h7xx_hal_pwr_ex.o
 .debug_line    0x0000ce59     0x1571 ./Drivers/STM32H7xx_HAL_Driver/Src/stm32h7xx_hal_qspi.o
 .debug_line    0x0000e3ca     0x148c ./Drivers/STM32H7xx_HAL_Driver/Src/stm32h7xx_hal_rcc.o
 .debug_line    0x0000f856     0x1e28 ./Drivers/STM32H7xx_HAL_Driver/Src/stm32h7xx_hal_rcc_ex.o
 .debug_line    0x0001167e     0x1f87 ./Drivers/STM32H7xx_HAL_Driver/Src/stm32h7xx_hal_sai.o
 .debug_line    0x00013605      0xfff ./Drivers/STM32H7xx_HAL_Driver/Src/stm32h7xx_hal_sdram.o
 .debug_line    0x00014604      0xd03 ./Drivers/STM32H7xx_HAL_Driver/Src/stm32h7xx_ll_fmc.o

.debug_str      0x00000000   0x15efb1
 .debug_str     0x00000000   0x15884f ./Core/Src/Audio.o
                             0x15900e (size before relaxing)
 .debug_str     0x0015884f      0xd53 ./Core/Src/cIS25LPxxx.o
                             0x1593b9 (size before relaxing)
 .debug_str     0x001595a2     0x17e9 ./Core/Src/main.o
                             0x15b245 (size before relaxing)
 .debug_str     0x0015ad8b      0x435 ./Core/Src/stm32h7xx_hal_msp.o
                             0x1572bf (size before relaxing)
 .debug_str     0x0015b1c0      0x157 ./Core/Src/stm32h7xx_it.o
                             0x156114 (size before relaxing)
 .debug_str     0x0015b317      0x22a ./Core/Src/system_stm32h7xx.o
                             0x155bae (size before relaxing)
 .debug_str     0x0015b541       0x44 ./Core/Startup/startup_stm32h750ibkx.o
                                 0x71 (size before relaxing)
 .debug_str     0x0015b585      0x78b ./Drivers/STM32H7xx_HAL_Driver/Src/stm32h7xx_hal.o
                             0x156a94 (size before relaxing)
 .debug_str     0x0015bd10      0x2a6 ./Drivers/STM32H7xx_HAL_Driver/Src/stm32h7xx_hal_cortex.o
                             0x1564cf (size before relaxing)
 .debug_str     0x0015bfb6      0x841 ./Drivers/STM32H7xx_HAL_Driver/Src/stm32h7xx_hal_dma.o
                             0x1562a9 (size before relaxing)
 .debug_str     0x0015c7f7       0xde ./Drivers/STM32H7xx_HAL_Driver/Src/stm32h7xx_hal_gpio.o
                             0x155b26 (size before relaxing)
 .debug_str     0x0015c8d5      0x4b9 ./Drivers/STM32H7xx_HAL_Driver/Src/stm32h7xx_hal_mdma.o
                             0x155ea3 (size before relaxing)
 .debug_str     0x0015cd8e      0x642 ./Drivers/STM32H7xx_HAL_Driver/Src/stm32h7xx_hal_pwr_ex.o
                             0x155fe7 (size before relaxing)
 .debug_str     0x0015d3d0      0x516 ./Drivers/STM32H7xx_HAL_Driver/Src/stm32h7xx_hal_qspi.o
                             0x156280 (size before relaxing)
 .debug_str     0x0015d8e6      0x22e ./Drivers/STM32H7xx_HAL_Driver/Src/stm32h7xx_hal_rcc.o
                             0x155f0a (size before relaxing)
 .debug_str     0x0015db14      0x64b ./Drivers/STM32H7xx_HAL_Driver/Src/stm32h7xx_hal_rcc_ex.o
                             0x1563eb (size before relaxing)
 .debug_str     0x0015e15f      0x3ce ./Drivers/STM32H7xx_HAL_Driver/Src/stm32h7xx_hal_sai.o
                             0x1561cd (size before relaxing)
 .debug_str     0x0015e52d      0x341 ./Drivers/STM32H7xx_HAL_Driver/Src/stm32h7xx_hal_sdram.o
                             0x155ff4 (size before relaxing)
 .debug_str     0x0015e86e      0x743 ./Drivers/STM32H7xx_HAL_Driver/Src/stm32h7xx_ll_fmc.o
                             0x1560a4 (size before relaxing)

.comment        0x00000000       0x43
 .comment       0x00000000       0x43 ./Core/Src/Audio.o
                                 0x44 (size before relaxing)
 .comment       0x00000043       0x44 ./Core/Src/cIS25LPxxx.o
 .comment       0x00000043       0x44 ./Core/Src/main.o
 .comment       0x00000043       0x44 ./Core/Src/stm32h7xx_hal_msp.o
 .comment       0x00000043       0x44 ./Core/Src/stm32h7xx_it.o
 .comment       0x00000043       0x44 ./Core/Src/system_stm32h7xx.o
 .comment       0x00000043       0x44 ./Drivers/STM32H7xx_HAL_Driver/Src/stm32h7xx_hal.o
 .comment       0x00000043       0x44 ./Drivers/STM32H7xx_HAL_Driver/Src/stm32h7xx_hal_cortex.o
 .comment       0x00000043       0x44 ./Drivers/STM32H7xx_HAL_Driver/Src/stm32h7xx_hal_dma.o
 .comment       0x00000043       0x44 ./Drivers/STM32H7xx_HAL_Driver/Src/stm32h7xx_hal_gpio.o
 .comment       0x00000043       0x44 ./Drivers/STM32H7xx_HAL_Driver/Src/stm32h7xx_hal_mdma.o
 .comment       0x00000043       0x44 ./Drivers/STM32H7xx_HAL_Driver/Src/stm32h7xx_hal_pwr_ex.o
 .comment       0x00000043       0x44 ./Drivers/STM32H7xx_HAL_Driver/Src/stm32h7xx_hal_qspi.o
 .comment       0x00000043       0x44 ./Drivers/STM32H7xx_HAL_Driver/Src/stm32h7xx_hal_rcc.o
 .comment       0x00000043       0x44 ./Drivers/STM32H7xx_HAL_Driver/Src/stm32h7xx_hal_rcc_ex.o
 .comment       0x00000043       0x44 ./Drivers/STM32H7xx_HAL_Driver/Src/stm32h7xx_hal_sai.o
 .comment       0x00000043       0x44 ./Drivers/STM32H7xx_HAL_Driver/Src/stm32h7xx_hal_sdram.o
 .comment       0x00000043       0x44 ./Drivers/STM32H7xx_HAL_Driver/Src/stm32h7xx_ll_fmc.o

.debug_frame    0x00000000     0x3f34
 .debug_frame   0x00000000      0x114 ./Core/Src/Audio.o
 .debug_frame   0x00000114      0x254 ./Core/Src/cIS25LPxxx.o
 .debug_frame   0x00000368      0x2bc ./Core/Src/main.o
 .debug_frame   0x00000624      0x158 ./Core/Src/stm32h7xx_hal_msp.o
 .debug_frame   0x0000077c      0x174 ./Core/Src/stm32h7xx_it.o
 .debug_frame   0x000008f0       0x78 ./Core/Src/system_stm32h7xx.o
 .debug_frame   0x00000968      0x690 ./Drivers/STM32H7xx_HAL_Driver/Src/stm32h7xx_hal.o
 .debug_frame   0x00000ff8      0x508 ./Drivers/STM32H7xx_HAL_Driver/Src/stm32h7xx_hal_cortex.o
 .debug_frame   0x00001500      0x2b4 ./Drivers/STM32H7xx_HAL_Driver/Src/stm32h7xx_hal_dma.o
 .debug_frame   0x000017b4      0x14c ./Drivers/STM32H7xx_HAL_Driver/Src/stm32h7xx_hal_gpio.o
 .debug_frame   0x00001900      0x34c ./Drivers/STM32H7xx_HAL_Driver/Src/stm32h7xx_hal_mdma.o
 .debug_frame   0x00001c4c      0x580 ./Drivers/STM32H7xx_HAL_Driver/Src/stm32h7xx_hal_pwr_ex.o
 .debug_frame   0x000021cc      0x5ec ./Drivers/STM32H7xx_HAL_Driver/Src/stm32h7xx_hal_qspi.o
 .debug_frame   0x000027b8      0x1f8 ./Drivers/STM32H7xx_HAL_Driver/Src/stm32h7xx_hal_rcc.o
 .debug_frame   0x000029b0      0x414 ./Drivers/STM32H7xx_HAL_Driver/Src/stm32h7xx_hal_rcc_ex.o
 .debug_frame   0x00002dc4      0x69c ./Drivers/STM32H7xx_HAL_Driver/Src/stm32h7xx_hal_sai.o
 .debug_frame   0x00003460      0x3f0 ./Drivers/STM32H7xx_HAL_Driver/Src/stm32h7xx_hal_sdram.o
 .debug_frame   0x00003850      0x37c ./Drivers/STM32H7xx_HAL_Driver/Src/stm32h7xx_ll_fmc.o
 .debug_frame   0x00003bcc       0x20 C:/ST/STM32CubeIDE_1.17.0/STM32CubeIDE/plugins/com.st.stm32cube.ide.mcu.externaltools.gnu-tools-for-stm32.12.3.rel1.win32_1.1.0.202410251130/tools/bin/../lib/gcc/arm-none-eabi/12.3.1/../../../../arm-none-eabi/lib/thumb/v7e-m+dp/hard\libstdc++_nano.a(del_ops.o)
 .debug_frame   0x00003bec       0x20 C:/ST/STM32CubeIDE_1.17.0/STM32CubeIDE/plugins/com.st.stm32cube.ide.mcu.externaltools.gnu-tools-for-stm32.12.3.rel1.win32_1.1.0.202410251130/tools/bin/../lib/gcc/arm-none-eabi/12.3.1/../../../../arm-none-eabi/lib/thumb/v7e-m+dp/hard\libstdc++_nano.a(del_op.o)
 .debug_frame   0x00003c0c       0x30 C:/ST/STM32CubeIDE_1.17.0/STM32CubeIDE/plugins/com.st.stm32cube.ide.mcu.externaltools.gnu-tools-for-stm32.12.3.rel1.win32_1.1.0.202410251130/tools/bin/../lib/gcc/arm-none-eabi/12.3.1/../../../../arm-none-eabi/lib/thumb/v7e-m+dp/hard\libc_nano.a(libc_a-malloc.o)
 .debug_frame   0x00003c3c       0x50 C:/ST/STM32CubeIDE_1.17.0/STM32CubeIDE/plugins/com.st.stm32cube.ide.mcu.externaltools.gnu-tools-for-stm32.12.3.rel1.win32_1.1.0.202410251130/tools/bin/../lib/gcc/arm-none-eabi/12.3.1/../../../../arm-none-eabi/lib/thumb/v7e-m+dp/hard\libc_nano.a(libc_a-mallocr.o)
 .debug_frame   0x00003c8c       0x30 C:/ST/STM32CubeIDE_1.17.0/STM32CubeIDE/plugins/com.st.stm32cube.ide.mcu.externaltools.gnu-tools-for-stm32.12.3.rel1.win32_1.1.0.202410251130/tools/bin/../lib/gcc/arm-none-eabi/12.3.1/../../../../arm-none-eabi/lib/thumb/v7e-m+dp/hard\libc_nano.a(libc_a-mlock.o)
 .debug_frame   0x00003cbc      0x144 C:/ST/STM32CubeIDE_1.17.0/STM32CubeIDE/plugins/com.st.stm32cube.ide.mcu.externaltools.gnu-tools-for-stm32.12.3.rel1.win32_1.1.0.202410251130/tools/bin/../lib/gcc/arm-none-eabi/12.3.1/../../../../arm-none-eabi/lib/thumb/v7e-m+dp/hard\libc_nano.a(libc_a-findfp.o)
 .debug_frame   0x00003e00       0x20 C:/ST/STM32CubeIDE_1.17.0/STM32CubeIDE/plugins/com.st.stm32cube.ide.mcu.externaltools.gnu-tools-for-stm32.12.3.rel1.win32_1.1.0.202410251130/tools/bin/../lib/gcc/arm-none-eabi/12.3.1/../../../../arm-none-eabi/lib/thumb/v7e-m+dp/hard\libc_nano.a(libc_a-memset.o)
 .debug_frame   0x00003e20       0x2c C:/ST/STM32CubeIDE_1.17.0/STM32CubeIDE/plugins/com.st.stm32cube.ide.mcu.externaltools.gnu-tools-for-stm32.12.3.rel1.win32_1.1.0.202410251130/tools/bin/../lib/gcc/arm-none-eabi/12.3.1/../../../../arm-none-eabi/lib/thumb/v7e-m+dp/hard\libc_nano.a(libc_a-init.o)
 .debug_frame   0x00003e4c       0xb0 C:/ST/STM32CubeIDE_1.17.0/STM32CubeIDE/plugins/com.st.stm32cube.ide.mcu.externaltools.gnu-tools-for-stm32.12.3.rel1.win32_1.1.0.202410251130/tools/bin/../lib/gcc/arm-none-eabi/12.3.1/../../../../arm-none-eabi/lib/thumb/v7e-m+dp/hard\libc_nano.a(libc_a-lock.o)
 .debug_frame   0x00003efc       0x38 C:/ST/STM32CubeIDE_1.17.0/STM32CubeIDE/plugins/com.st.stm32cube.ide.mcu.externaltools.gnu-tools-for-stm32.12.3.rel1.win32_1.1.0.202410251130/tools/bin/../lib/gcc/arm-none-eabi/12.3.1/../../../../arm-none-eabi/lib/thumb/v7e-m+dp/hard\libc_nano.a(libc_a-freer.o)

.debug_line_str
                0x00000000       0x55
 .debug_line_str
                0x00000000       0x55 ./Core/Startup/startup_stm32h750ibkx.o
