../Core/Inc/cHwQSPI.h:33:30:HAL_StatusTypeDef Dad::cHwQSPI::Command(uint32_t)	16	static
../Core/Inc/cHwQSPI.h:56:30:HAL_StatusTypeDef Dad::cHwQSPI::CommandTXData(uint32_t, uint8_t*, uint32_t)	24	static
../Core/Inc/cHwQSPI.h:82:23:HAL_StatusTypeDef Dad::cHwQSPI::CommandRXData(uint32_t, uint8_t*, uint32_t)	24	static
../Core/Inc/cHwQSPI.h:108:23:HAL_StatusTypeDef Dad::cHwQSPI::WriteQuadData(uint32_t, uint8_t*, uint32_t)	24	static
../Core/Inc/cHwQSPI.h:135:23:HAL_StatusTypeDef Dad::cHwQSPI::ReadQuadData(uint32_t, uint8_t*, uint32_t)	24	static
../Core/Inc/cHwQSPI.h:161:30:HAL_StatusTypeDef Dad::cHwQSPI::SwapModeMemoryMap()	24	static
../Core/Inc/cHwQSPI.h:187:30:HAL_StatusTypeDef Dad::cHwQSPI::SwapModeIndirect()	16	static
../Core/Src/cIS25LPxxx.cpp:24:19:HAL_StatusTypeDef Dad::cIS25LPxxx::Init(QSPI_HandleTypeDef*, uint32_t)	40	static
../Core/Src/cIS25LPxxx.cpp:149:26:HAL_StatusTypeDef Dad::cIS25LPxxx::MemoryMap()	24	static
../Core/Src/cIS25LPxxx.cpp:166:19:HAL_StatusTypeDef Dad::cIS25LPxxx::FastRead(uint8_t*, uint32_t, uint32_t)	32	static
../Core/Src/cIS25LPxxx.cpp:184:19:HAL_StatusTypeDef Dad::cIS25LPxxx::FastWrite(uint8_t*, uint32_t, uint32_t)	40	static
../Core/Src/cIS25LPxxx.cpp:237:19:HAL_StatusTypeDef Dad::cIS25LPxxx::EraseSector(uint32_t)	24	static
../Core/Src/cIS25LPxxx.cpp:266:19:HAL_StatusTypeDef Dad::cIS25LPxxx::EraseBlock32(uint32_t)	24	static
../Core/Src/cIS25LPxxx.cpp:295:19:HAL_StatusTypeDef Dad::cIS25LPxxx::EraseBlock64(uint32_t)	24	static
../Core/Src/cIS25LPxxx.cpp:321:19:HAL_StatusTypeDef Dad::cIS25LPxxx::EraseChip()	24	static
../Core/Src/cIS25LPxxx.cpp:350:19:HAL_StatusTypeDef Dad::cIS25LPxxx::WaitNoBusy()	24	static
