../Core/Src/stm32h7xx_hal_msp.c:63:6:HAL_MspInit	16	static
../Core/Src/stm32h7xx_hal_msp.c:85:6:HAL_QSPI_MspInit	248	static
../Core/Src/stm32h7xx_hal_msp.c:155:6:HAL_QSPI_MspDeInit	16	static
../Core/Src/stm32h7xx_hal_msp.c:189:13:HAL_FMC_MspInit	232	static
../Core/Src/stm32h7xx_hal_msp.c:331:6:HAL_SDRAM_MspInit	16	static
../Core/Src/stm32h7xx_hal_msp.c:343:13:HAL_FMC_MspDeInit	8	static
../Core/Src/stm32h7xx_hal_msp.c:442:6:HAL_SDRAM_MspDeInit	16	static
../Core/Src/stm32h7xx_hal_msp.c:458:6:HAL_SAI_MspInit	48	static
../Core/Src/stm32h7xx_hal_msp.c:552:6:HAL_SAI_MspDeInit	16	static
